2026-05-24T13:30:46+0300 INFO: Запуск процесса из студии разработки. E:\Univercity\Puzzle\Hackaton_Case_1\process\main.json
2026-05-24T13:30:50+0300 ERROR: Завершение выполнения процесса. E:\Univercity\Puzzle\Hackaton_Case_1\process\main.json
2026-05-24T13:31:03+0300 INFO: Запуск процесса из студии разработки. E:\Univercity\Puzzle\Hackaton_Case_1\process\main.json
2026-05-24T13:31:09+0300 INFO: Старт робота: E:\Univercity\Puzzle\Hackaton_Case_1\resource\6aa87d67-7261-4fb4-aec8-120050cfc1b8\main.py
2026-05-24T13:31:09+0300 INFO: E:\Univercity\Puzzle\Hackaton_Case_1\resource\6aa87d67-7261-4fb4-aec8-120050cfc1b8\main.py Таблица из excel была прочитана
2026-05-24T13:31:18+0300 WARNING: E:\Univercity\Puzzle\Hackaton_Case_1\resource\6aa87d67-7261-4fb4-aec8-120050cfc1b8\main.py Входная дата пустая. Присвоена текущая дата
2026-05-24T13:31:18+0300 ERROR: E:\Univercity\Puzzle\Hackaton_Case_1\resource\6aa87d67-7261-4fb4-aec8-120050cfc1b8\main.py Поле "Сумма" - пустое
2026-05-24T13:31:18+0300 ERROR: E:\Univercity\Puzzle\Hackaton_Case_1\resource\6aa87d67-7261-4fb4-aec8-120050cfc1b8\main.py Ошибка: name 'web_actions' is not defined
2026-05-24T13:31:21+0300 INFO: Завершение выполнения процесса. E:\Univercity\Puzzle\Hackaton_Case_1\process\main.json
2026-05-24T13:35:18+0300 INFO: Запуск процесса из студии разработки. E:\Univercity\Puzzle\Hackaton_Case_1\process\main.json
2026-05-24T13:35:23+0300 INFO: Старт робота: E:\Univercity\Puzzle\Hackaton_Case_1\resource\662879d4-2b29-44d2-a119-b1a546a4c9ca\main.py
2026-05-24T13:35:23+0300 INFO: E:\Univercity\Puzzle\Hackaton_Case_1\resource\662879d4-2b29-44d2-a119-b1a546a4c9ca\main.py Таблица из excel была прочитана
2026-05-24T13:35:26+0300 ERROR: E:\Univercity\Puzzle\Hackaton_Case_1\resource\662879d4-2b29-44d2-a119-b1a546a4c9ca\main.py Ошибка: name 'web_actions' is not defined
2026-05-24T13:35:28+0300 INFO: Завершение выполнения процесса. E:\Univercity\Puzzle\Hackaton_Case_1\process\main.json
2026-05-24T13:36:30+0300 INFO: Запуск процесса из студии разработки. E:\Univercity\Puzzle\Hackaton_Case_1\process\main.json
2026-05-24T13:36:34+0300 INFO: Завершение выполнения процесса. E:\Univercity\Puzzle\Hackaton_Case_1\process\main.json
2026-05-24T13:36:46+0300 INFO: Запуск процесса из студии разработки. E:\Univercity\Puzzle\Hackaton_Case_1\process\main.json
2026-05-24T13:36:53+0300 INFO: Старт робота: E:\Univercity\Puzzle\Hackaton_Case_1\resource\cde06539-f3ff-4a3e-a99f-74fe3b65cc1b\main.py
2026-05-24T13:36:53+0300 INFO: E:\Univercity\Puzzle\Hackaton_Case_1\resource\cde06539-f3ff-4a3e-a99f-74fe3b65cc1b\main.py Таблица из excel была прочитана
2026-05-24T13:36:57+0300 INFO: Завершение работы робота: E:\Univercity\Puzzle\Hackaton_Case_1\resource\cde06539-f3ff-4a3e-a99f-74fe3b65cc1b\main.py
2026-05-24T13:36:59+0300 INFO: Завершение выполнения процесса. E:\Univercity\Puzzle\Hackaton_Case_1\process\main.json
2026-05-24T13:39:02+0300 INFO: Запуск процесса из студии разработки. E:\Univercity\Puzzle\Hackaton_Case_1\process\main.json
2026-05-24T13:39:08+0300 INFO: Старт робота: E:\Univercity\Puzzle\Hackaton_Case_1\resource\877be0c8-0563-47e3-a66d-335e93f82d70\main.py
2026-05-24T13:39:08+0300 INFO: E:\Univercity\Puzzle\Hackaton_Case_1\resource\877be0c8-0563-47e3-a66d-335e93f82d70\main.py Таблица из excel была прочитана
2026-05-24T13:39:18+0300 INFO: Завершение работы робота: E:\Univercity\Puzzle\Hackaton_Case_1\resource\877be0c8-0563-47e3-a66d-335e93f82d70\main.py
2026-05-24T13:39:21+0300 INFO: Завершение выполнения процесса. E:\Univercity\Puzzle\Hackaton_Case_1\process\main.json
2026-05-24T13:40:02+0300 INFO: Запуск процесса из студии разработки. E:\Univercity\Puzzle\Hackaton_Case_1\process\main.json
2026-05-24T13:40:09+0300 INFO: Старт робота: E:\Univercity\Puzzle\Hackaton_Case_1\resource\94e14f8f-582d-4a6b-af07-ce1df8f63eef\main.py
2026-05-24T13:40:09+0300 INFO: E:\Univercity\Puzzle\Hackaton_Case_1\resource\94e14f8f-582d-4a6b-af07-ce1df8f63eef\main.py Таблица из excel была прочитана
2026-05-24T13:40:12+0300 INFO: Завершение работы робота: E:\Univercity\Puzzle\Hackaton_Case_1\resource\94e14f8f-582d-4a6b-af07-ce1df8f63eef\main.py
2026-05-24T13:40:15+0300 INFO: Завершение выполнения процесса. E:\Univercity\Puzzle\Hackaton_Case_1\process\main.json
2026-05-24T13:43:30+0300 INFO: Запуск процесса из студии разработки. E:\Univercity\Puzzle\Hackaton_Case_1\process\main.json
2026-05-24T13:43:35+0300 INFO: Старт робота: E:\Univercity\Puzzle\Hackaton_Case_1\resource\d938ea75-4c2e-4570-a97e-97060e0ae36b\main.py
2026-05-24T13:43:35+0300 INFO: E:\Univercity\Puzzle\Hackaton_Case_1\resource\d938ea75-4c2e-4570-a97e-97060e0ae36b\main.py Таблица из excel была прочитана
2026-05-24T13:43:35+0300 INFO: E:\Univercity\Puzzle\Hackaton_Case_1\resource\d938ea75-4c2e-4570-a97e-97060e0ae36b\main.py Обработка выписки завершена. Всего строк: 2, успешно: 2, ошибок: 0
2026-05-24T13:43:35+0300 INFO: Завершение работы робота: E:\Univercity\Puzzle\Hackaton_Case_1\resource\d938ea75-4c2e-4570-a97e-97060e0ae36b\main.py
2026-05-24T13:43:36+0300 INFO: Завершение выполнения процесса. E:\Univercity\Puzzle\Hackaton_Case_1\process\main.json
2026-05-24T13:45:53+0300 INFO: Запуск процесса из студии разработки. E:\Univercity\Puzzle\Hackaton_Case_1\process\main.json
2026-05-24T13:46:01+0300 INFO: Старт робота: E:\Univercity\Puzzle\Hackaton_Case_1\resource\3d96fa9a-0e30-4915-88b1-db021622e58a\main.py
2026-05-24T13:46:01+0300 INFO: E:\Univercity\Puzzle\Hackaton_Case_1\resource\3d96fa9a-0e30-4915-88b1-db021622e58a\main.py Таблица из excel была прочитана
2026-05-24T13:46:10+0300 INFO: E:\Univercity\Puzzle\Hackaton_Case_1\resource\3d96fa9a-0e30-4915-88b1-db021622e58a\main.py Ввод логина прошел успешно
2026-05-24T13:46:11+0300 INFO: E:\Univercity\Puzzle\Hackaton_Case_1\resource\3d96fa9a-0e30-4915-88b1-db021622e58a\main.py Ввод пароля прошел успешно
2026-05-24T13:47:51+0300 INFO: Завершение выполнения процесса. E:\Univercity\Puzzle\Hackaton_Case_1\process\main.json
2026-05-24T13:49:17+0300 INFO: Запуск процесса из студии разработки. E:\Univercity\Puzzle\Hackaton_Case_1\process\main.json
2026-05-24T13:49:30+0300 INFO: Старт робота: E:\Univercity\Puzzle\Hackaton_Case_1\resource\5f724bc6-eefb-4d1f-afd5-e87da54f6361\main.py
2026-05-24T13:49:30+0300 INFO: E:\Univercity\Puzzle\Hackaton_Case_1\resource\5f724bc6-eefb-4d1f-afd5-e87da54f6361\main.py Таблица из excel была прочитана
2026-05-24T13:49:41+0300 INFO: E:\Univercity\Puzzle\Hackaton_Case_1\resource\5f724bc6-eefb-4d1f-afd5-e87da54f6361\main.py Ввод логина прошел успешно
2026-05-24T13:49:41+0300 INFO: E:\Univercity\Puzzle\Hackaton_Case_1\resource\5f724bc6-eefb-4d1f-afd5-e87da54f6361\main.py Ввод пароля прошел успешно
2026-05-24T13:54:14+0300 INFO: E:\Univercity\Puzzle\Hackaton_Case_1\resource\5f724bc6-eefb-4d1f-afd5-e87da54f6361\main.py Обработка выписки завершена. Всего строк: 2, успешно: 2, ошибок: 0
2026-05-24T13:54:14+0300 INFO: Завершение работы робота: E:\Univercity\Puzzle\Hackaton_Case_1\resource\5f724bc6-eefb-4d1f-afd5-e87da54f6361\main.py
2026-05-24T13:54:14+0300 INFO: Завершение выполнения процесса. E:\Univercity\Puzzle\Hackaton_Case_1\process\main.json
