2026-05-24T16:03:03+0300 INFO: Запуск процесса из студии разработки. C:\Users\Сириус - 3  - Готовый кейс\process\main.json
2026-05-24T16:03:05+0300 INFO: Старт робота: C:\Users\Сириус - 3  - Готовый кейс\resource\fe8ae5c9-ba2d-48bf-b49c-d78c459bf111\ConfigFunctions.py
2026-05-24T16:03:05+0300 INFO: Старт робота: C:\Users\Сириус - 3  - Готовый кейс\resource\fe8ae5c9-ba2d-48bf-b49c-d78c459bf111\relay_930.py
2026-05-24T16:03:05+0300 INFO: Старт робота: C:\Users\Сириус - 3  - Готовый кейс\resource\fe8ae5c9-ba2d-48bf-b49c-d78c459bf111\ProcessDocument.py
2026-05-24T16:03:05+0300 INFO: Старт робота: C:\Users\Сириус - 3  - Готовый кейс\resource\fe8ae5c9-ba2d-48bf-b49c-d78c459bf111\FinishProcess.py
2026-05-24T16:03:06+0300 INFO: Старт робота: C:\Users\Сириус - 3  - Готовый кейс\resource\fe8ae5c9-ba2d-48bf-b49c-d78c459bf111\main.py
2026-05-24T16:03:06+0300 INFO: C:\Users\Сириус - 3  - Готовый кейс\resource\fe8ae5c9-ba2d-48bf-b49c-d78c459bf111\main.py Робот начал работу 24.05.2026 16:03:06
2026-05-24T16:03:06+0300 INFO: C:\Users\Сириус - 3  - Готовый кейс\resource\fe8ae5c9-ba2d-48bf-b49c-d78c459bf111\ConfigFunctions.py Папки подготовлены
2026-05-24T16:03:45+0300 Окно выполнения: main: ERROR:  ["Failed to get child processes: program not found"]
2026-05-24T16:03:54+0300 ERROR: C:\Users\Сириус - 3  - Готовый кейс\resource\fe8ae5c9-ba2d-48bf-b49c-d78c459bf111\main.py Ошибка: Multiple exceptions: [WinError 1236] Подключение к сети было разорвано локальной системой, [WinError 1225] Удаленный компьютер отклонил это сетевое подключение
2026-05-24T16:03:54+0300 INFO: Завершение выполнения процесса. C:\Users\Сириус - 3  - Готовый кейс\process\main.json
2026-05-24T16:32:11+0300 INFO: Запуск процесса из студии разработки. C:\Users\Сириус - 3  - Готовый кейс\process\main.json
2026-05-24T16:32:12+0300 INFO: Старт робота: C:\Users\Сириус - 3  - Готовый кейс\resource\8f32ead5-48d8-4271-9dfb-e063b5e1c010\ConfigFunctions.py
2026-05-24T16:32:12+0300 INFO: Старт робота: C:\Users\Сириус - 3  - Готовый кейс\resource\8f32ead5-48d8-4271-9dfb-e063b5e1c010\relay_930.py
2026-05-24T16:32:13+0300 INFO: Старт робота: C:\Users\Сириус - 3  - Готовый кейс\resource\8f32ead5-48d8-4271-9dfb-e063b5e1c010\ProcessDocument.py
2026-05-24T16:32:13+0300 INFO: Старт робота: C:\Users\Сириус - 3  - Готовый кейс\resource\8f32ead5-48d8-4271-9dfb-e063b5e1c010\FinishProcess.py
2026-05-24T16:32:14+0300 INFO: Старт робота: C:\Users\Сириус - 3  - Готовый кейс\resource\8f32ead5-48d8-4271-9dfb-e063b5e1c010\main.py
2026-05-24T16:32:14+0300 INFO: C:\Users\Сириус - 3  - Готовый кейс\resource\8f32ead5-48d8-4271-9dfb-e063b5e1c010\main.py Робот начал работу 24.05.2026 16:32:14
2026-05-24T16:32:14+0300 INFO: C:\Users\Сириус - 3  - Готовый кейс\resource\8f32ead5-48d8-4271-9dfb-e063b5e1c010\ConfigFunctions.py Папки подготовлены
2026-05-24T16:34:25+0300 INFO: C:\Users\Сириус - 3  - Готовый кейс\resource\8f32ead5-48d8-4271-9dfb-e063b5e1c010\ProcessDocument.py Имя файла успешно сгенерировано для документаСП00-000002
2026-05-24T16:34:35+0300 INFO: C:\Users\Сириус - 3  - Готовый кейс\resource\8f32ead5-48d8-4271-9dfb-e063b5e1c010\ProcessDocument.py Успешное сохранение формы для документаСП00-000002
2026-05-24T16:34:38+0300 INFO: Завершение работы робота: C:\Users\Сириус - 3  - Готовый кейс\resource\8f32ead5-48d8-4271-9dfb-e063b5e1c010\main.py
2026-05-24T16:34:40+0300 INFO: Завершение выполнения процесса. C:\Users\Сириус - 3  - Готовый кейс\process\main.json
2026-05-24T16:36:32+0300 INFO: Запуск процесса из студии разработки. C:\Users\Сириус - 3  - Готовый кейс\process\main.json
2026-05-24T16:36:33+0300 INFO: Старт робота: C:\Users\Сириус - 3  - Готовый кейс\resource\ca57db73-5586-435e-94c5-e43925e67041\ConfigFunctions.py
2026-05-24T16:36:33+0300 INFO: Старт робота: C:\Users\Сириус - 3  - Готовый кейс\resource\ca57db73-5586-435e-94c5-e43925e67041\relay_930.py
2026-05-24T16:36:34+0300 INFO: Старт робота: C:\Users\Сириус - 3  - Готовый кейс\resource\ca57db73-5586-435e-94c5-e43925e67041\ProcessDocument.py
2026-05-24T16:36:34+0300 INFO: Старт робота: C:\Users\Сириус - 3  - Готовый кейс\resource\ca57db73-5586-435e-94c5-e43925e67041\FinishProcess.py
2026-05-24T16:36:35+0300 INFO: Старт робота: C:\Users\Сириус - 3  - Готовый кейс\resource\ca57db73-5586-435e-94c5-e43925e67041\main.py
2026-05-24T16:36:35+0300 INFO: C:\Users\Сириус - 3  - Готовый кейс\resource\ca57db73-5586-435e-94c5-e43925e67041\main.py Робот начал работу 24.05.2026 16:36:35
2026-05-24T16:36:35+0300 INFO: C:\Users\Сириус - 3  - Готовый кейс\resource\ca57db73-5586-435e-94c5-e43925e67041\ConfigFunctions.py Папки подготовлены
2026-05-24T16:38:39+0300 INFO: C:\Users\Сириус - 3  - Готовый кейс\resource\ca57db73-5586-435e-94c5-e43925e67041\ProcessDocument.py Имя файла успешно сгенерировано для документаСП00-000002
2026-05-24T16:38:49+0300 INFO: C:\Users\Сириус - 3  - Готовый кейс\resource\ca57db73-5586-435e-94c5-e43925e67041\ProcessDocument.py Успешное сохранение формы для документаСП00-000002
2026-05-24T16:38:52+0300 INFO: Завершение работы робота: C:\Users\Сириус - 3  - Готовый кейс\resource\ca57db73-5586-435e-94c5-e43925e67041\main.py
2026-05-24T16:38:52+0300 INFO: Завершение выполнения процесса. C:\Users\Сириус - 3  - Готовый кейс\process\main.json
