2026-05-23T11:11:25+0300 INFO: Запуск процесса из студии разработки. C:\Users\Влад\Desktop\Кейс\Kейс2_СозданиеДокументов1С\process\main.json
2026-05-23T11:11:27+0300 INFO: Старт робота: C:\Users\Влад\Desktop\Кейс\Kейс2_СозданиеДокументов1С\resource\6fd21412-f1bc-453f-afa7-6c2a4ce7a324\main.py
2026-05-23T11:12:56+0300 ERROR: C:\Users\Влад\Desktop\Кейс\Kейс2_СозданиеДокументов1С\resource\6fd21412-f1bc-453f-afa7-6c2a4ce7a324\main.py Ошибка документа № : Произошла ошибка в строке: 229
Описание ошибки: Невозможно найти кнопку: 'Добавить'
2026-05-23T11:12:56+0300 INFO: C:\Users\Влад\Desktop\Кейс\Kейс2_СозданиеДокументов1С\resource\6fd21412-f1bc-453f-afa7-6c2a4ce7a324\main.py Обработка завершена. Успешно: 0, ошибок: 1
2026-05-23T11:12:56+0300 INFO: Завершение работы робота: C:\Users\Влад\Desktop\Кейс\Kейс2_СозданиеДокументов1С\resource\6fd21412-f1bc-453f-afa7-6c2a4ce7a324\main.py
2026-05-23T11:12:57+0300 INFO: Завершение выполнения процесса. C:\Users\Влад\Desktop\Кейс\Kейс2_СозданиеДокументов1С\process\main.json
2026-05-23T11:17:48+0300 INFO: Запуск процесса из студии разработки. C:\Users\Влад\Desktop\Кейс\Kейс2_СозданиеДокументов1С\process\main.json
2026-05-23T11:17:50+0300 INFO: Старт робота: C:\Users\Влад\Desktop\Кейс\Kейс2_СозданиеДокументов1С\resource\f6250f46-34f8-4691-a65d-88fdcb707d03\main.py
2026-05-23T11:18:51+0300 ERROR: C:\Users\Влад\Desktop\Кейс\Kейс2_СозданиеДокументов1С\resource\f6250f46-34f8-4691-a65d-88fdcb707d03\main.py Ошибка документа № : Произошла ошибка в строке: 229
Описание ошибки: Ошибка загрузки элемента - Продажи.
 Детали ошибки: 'result'
2026-05-23T11:18:51+0300 INFO: C:\Users\Влад\Desktop\Кейс\Kейс2_СозданиеДокументов1С\resource\f6250f46-34f8-4691-a65d-88fdcb707d03\main.py Обработка завершена. Успешно: 0, ошибок: 1
2026-05-23T11:18:51+0300 INFO: Завершение работы робота: C:\Users\Влад\Desktop\Кейс\Kейс2_СозданиеДокументов1С\resource\f6250f46-34f8-4691-a65d-88fdcb707d03\main.py
2026-05-23T11:18:51+0300 INFO: Завершение выполнения процесса. C:\Users\Влад\Desktop\Кейс\Kейс2_СозданиеДокументов1С\process\main.json
2026-05-23T11:19:18+0300 INFO: Запуск процесса из студии разработки. C:\Users\Влад\Desktop\Кейс\Kейс2_СозданиеДокументов1С\process\main.json
2026-05-23T11:19:20+0300 INFO: Старт робота: C:\Users\Влад\Desktop\Кейс\Kейс2_СозданиеДокументов1С\resource\3469fbaf-bece-4021-91bf-b46194bc0f9d\main.py
2026-05-23T11:20:29+0300 ERROR: C:\Users\Влад\Desktop\Кейс\Kейс2_СозданиеДокументов1С\resource\3469fbaf-bece-4021-91bf-b46194bc0f9d\main.py Ошибка документа № : Произошла ошибка в строке: 229
Описание ошибки: Ошибка загрузки элемента - Продажи.
 Детали ошибки: 'result'
2026-05-23T11:20:29+0300 INFO: C:\Users\Влад\Desktop\Кейс\Kейс2_СозданиеДокументов1С\resource\3469fbaf-bece-4021-91bf-b46194bc0f9d\main.py Обработка завершена. Успешно: 0, ошибок: 1
2026-05-23T11:20:29+0300 INFO: Завершение работы робота: C:\Users\Влад\Desktop\Кейс\Kейс2_СозданиеДокументов1С\resource\3469fbaf-bece-4021-91bf-b46194bc0f9d\main.py
2026-05-23T11:20:29+0300 INFO: Завершение выполнения процесса. C:\Users\Влад\Desktop\Кейс\Kейс2_СозданиеДокументов1С\process\main.json
2026-05-23T11:22:39+0300 INFO: Запуск процесса из студии разработки. C:\Users\Влад\Desktop\Кейс\Kейс2_СозданиеДокументов1С\process\main.json
2026-05-23T11:22:41+0300 INFO: Старт робота: C:\Users\Влад\Desktop\Кейс\Kейс2_СозданиеДокументов1С\resource\0a7be8d6-04cd-4c1b-9544-0ba53688e9e9\main.py
2026-05-23T11:23:41+0300 INFO: Завершение выполнения процесса. C:\Users\Влад\Desktop\Кейс\Kейс2_СозданиеДокументов1С\process\main.json
2026-05-23T11:29:57+0300 INFO: Запуск процесса из студии разработки. C:\Users\Влад\Desktop\Кейс\Kейс2_СозданиеДокументов1С\process\main.json
2026-05-23T11:29:59+0300 INFO: Старт робота: C:\Users\Влад\Desktop\Кейс\Kейс2_СозданиеДокументов1С\resource\40cc6d3f-f76d-4fb1-8c38-3f10f109e94d\main.py
2026-05-23T11:31:35+0300 INFO: Завершение выполнения процесса. C:\Users\Влад\Desktop\Кейс\Kейс2_СозданиеДокументов1С\process\main.json
2026-05-23T11:49:17+0300 INFO: Запуск процесса из студии разработки. C:\Users\Влад\Desktop\Кейс\Kейс2_СозданиеДокументов1С\process\main.json
2026-05-23T11:49:19+0300 INFO: Старт робота: C:\Users\Влад\Desktop\Кейс\Kейс2_СозданиеДокументов1С\resource\fab0c68b-f407-4d09-a33e-17ef07236d86\main.py
2026-05-23T11:52:26+0300 INFO: Завершение выполнения процесса. C:\Users\Влад\Desktop\Кейс\Kейс2_СозданиеДокументов1С\process\main.json
2026-05-23T11:55:17+0300 INFO: Запуск процесса из студии разработки. C:\Users\Влад\Desktop\Кейс\Kейс2_СозданиеДокументов1С\process\main.json
2026-05-23T11:55:20+0300 INFO: Старт робота: C:\Users\Влад\Desktop\Кейс\Kейс2_СозданиеДокументов1С\resource\0a01f1f6-f2e7-443d-b5d5-c62a0d4caa18\main.py
2026-05-23T11:56:42+0300 Окно выполнения: main: INFO:  ["WebSocket connection closed",{"isTrusted":true}]
2026-05-23T11:57:04+0300 INFO: Завершение выполнения процесса. C:\Users\Влад\Desktop\Кейс\Kейс2_СозданиеДокументов1С\process\main.json
2026-05-23T11:57:07+0300 INFO: Запуск процесса из студии разработки. C:\Users\Влад\Desktop\Кейс\Kейс2_СозданиеДокументов1С\process\main.json
2026-05-23T11:57:09+0300 INFO: Старт робота: C:\Users\Влад\Desktop\Кейс\Kейс2_СозданиеДокументов1С\resource\3a3c23fa-2fed-4a60-b27d-d4b1db16e771\main.py
2026-05-23T11:58:36+0300 ERROR: C:\Users\Влад\Desktop\Кейс\Kейс2_СозданиеДокументов1С\resource\3a3c23fa-2fed-4a60-b27d-d4b1db16e771\main.py Ошибка документа № : Произошла ошибка в строке: 114
Описание ошибки: Ошибка загрузки элемента - Продажи.
 Детали ошибки: The command execution timed out
2026-05-23T11:58:36+0300 INFO: C:\Users\Влад\Desktop\Кейс\Kейс2_СозданиеДокументов1С\resource\3a3c23fa-2fed-4a60-b27d-d4b1db16e771\main.py Обработка завершена. Успешно: 0, ошибок: 1
2026-05-23T11:58:36+0300 INFO: Завершение работы робота: C:\Users\Влад\Desktop\Кейс\Kейс2_СозданиеДокументов1С\resource\3a3c23fa-2fed-4a60-b27d-d4b1db16e771\main.py
2026-05-23T11:58:37+0300 INFO: Завершение выполнения процесса. C:\Users\Влад\Desktop\Кейс\Kейс2_СозданиеДокументов1С\process\main.json
2026-05-23T11:59:20+0300 INFO: Запуск процесса из студии разработки. C:\Users\Влад\Desktop\Кейс\Kейс2_СозданиеДокументов1С\process\main.json
2026-05-23T11:59:22+0300 INFO: Старт робота: C:\Users\Влад\Desktop\Кейс\Kейс2_СозданиеДокументов1С\resource\edc06544-7e02-46af-b8b4-6c815218b949\main.py
2026-05-23T12:00:21+0300 ERROR: C:\Users\Влад\Desktop\Кейс\Kейс2_СозданиеДокументов1С\resource\edc06544-7e02-46af-b8b4-6c815218b949\main.py Ошибка документа № : Произошла ошибка в строке: 114
Описание ошибки: Ошибка загрузки элемента - Продажи.
 Детали ошибки: 'result'
2026-05-23T12:00:21+0300 INFO: C:\Users\Влад\Desktop\Кейс\Kейс2_СозданиеДокументов1С\resource\edc06544-7e02-46af-b8b4-6c815218b949\main.py Обработка завершена. Успешно: 0, ошибок: 1
2026-05-23T12:00:21+0300 INFO: Завершение работы робота: C:\Users\Влад\Desktop\Кейс\Kейс2_СозданиеДокументов1С\resource\edc06544-7e02-46af-b8b4-6c815218b949\main.py
2026-05-23T12:00:22+0300 INFO: Завершение выполнения процесса. C:\Users\Влад\Desktop\Кейс\Kейс2_СозданиеДокументов1С\process\main.json
2026-05-23T12:30:10+0300 INFO: Запуск процесса из студии разработки. C:\Users\Влад\Desktop\Кейс\Kейс2_СозданиеДокументов1С\process\main.json
2026-05-23T12:30:19+0300 INFO: Старт робота: C:\Users\Влад\Desktop\Кейс\Kейс2_СозданиеДокументов1С\resource\3291fe4f-9da0-4411-acfe-e7a0e23726a4\main.py
2026-05-23T12:31:23+0300 ERROR: C:\Users\Влад\Desktop\Кейс\Kейс2_СозданиеДокументов1С\resource\3291fe4f-9da0-4411-acfe-e7a0e23726a4\main.py Ошибка документа № : Произошла ошибка в строке: 118
Описание ошибки: Ошибка загрузки элемента - Продажи.
 Детали ошибки: 'result'
2026-05-23T12:31:23+0300 INFO: C:\Users\Влад\Desktop\Кейс\Kейс2_СозданиеДокументов1С\resource\3291fe4f-9da0-4411-acfe-e7a0e23726a4\main.py Обработка завершена. Успешно: 0, ошибок: 1
2026-05-23T12:31:23+0300 INFO: Завершение работы робота: C:\Users\Влад\Desktop\Кейс\Kейс2_СозданиеДокументов1С\resource\3291fe4f-9da0-4411-acfe-e7a0e23726a4\main.py
2026-05-23T12:31:23+0300 INFO: Завершение выполнения процесса. C:\Users\Влад\Desktop\Кейс\Kейс2_СозданиеДокументов1С\process\main.json
2026-05-23T12:32:06+0300 INFO: Запуск процесса из студии разработки. C:\Users\Влад\Desktop\Кейс\Kейс2_СозданиеДокументов1С\process\main.json
2026-05-23T12:32:08+0300 INFO: Старт робота: C:\Users\Влад\Desktop\Кейс\Kейс2_СозданиеДокументов1С\resource\6b10c4cc-ee99-49a9-9691-4171f50bc3a3\main.py
2026-05-23T12:33:10+0300 ERROR: C:\Users\Влад\Desktop\Кейс\Kейс2_СозданиеДокументов1С\resource\6b10c4cc-ee99-49a9-9691-4171f50bc3a3\main.py Ошибка документа № : Произошла ошибка в строке: 118
Описание ошибки: Невозможно найти кнопку: 'Продажи'
2026-05-23T12:33:10+0300 INFO: C:\Users\Влад\Desktop\Кейс\Kейс2_СозданиеДокументов1С\resource\6b10c4cc-ee99-49a9-9691-4171f50bc3a3\main.py Обработка завершена. Успешно: 0, ошибок: 1
2026-05-23T12:33:10+0300 INFO: Завершение работы робота: C:\Users\Влад\Desktop\Кейс\Kейс2_СозданиеДокументов1С\resource\6b10c4cc-ee99-49a9-9691-4171f50bc3a3\main.py
2026-05-23T12:33:10+0300 INFO: Завершение выполнения процесса. C:\Users\Влад\Desktop\Кейс\Kейс2_СозданиеДокументов1С\process\main.json
2026-05-23T12:33:47+0300 INFO: Запуск процесса из студии разработки. C:\Users\Влад\Desktop\Кейс\Kейс2_СозданиеДокументов1С\process\main.json
2026-05-23T12:33:49+0300 INFO: Старт робота: C:\Users\Влад\Desktop\Кейс\Kейс2_СозданиеДокументов1С\resource\2e55c260-5ed4-4f4b-80a4-e74e93a135d3\main.py
2026-05-23T12:34:38+0300 INFO: Завершение выполнения процесса. C:\Users\Влад\Desktop\Кейс\Kейс2_СозданиеДокументов1С\process\main.json
2026-05-23T12:34:52+0300 INFO: Запуск процесса из студии разработки. C:\Users\Влад\Desktop\Кейс\Kейс2_СозданиеДокументов1С\process\main.json
2026-05-23T12:34:54+0300 INFO: Старт робота: C:\Users\Влад\Desktop\Кейс\Kейс2_СозданиеДокументов1С\resource\0c3da309-fc73-4b7e-952f-d05ee19b43e4\main.py
2026-05-23T12:36:15+0300 ERROR: C:\Users\Влад\Desktop\Кейс\Kейс2_СозданиеДокументов1С\resource\0c3da309-fc73-4b7e-952f-d05ee19b43e4\main.py Ошибка документа № : Произошла ошибка в строке: 118
Описание ошибки: Невозможно найти кнопку: 'Продажи'
2026-05-23T12:36:15+0300 INFO: C:\Users\Влад\Desktop\Кейс\Kейс2_СозданиеДокументов1С\resource\0c3da309-fc73-4b7e-952f-d05ee19b43e4\main.py Обработка завершена. Успешно: 0, ошибок: 1
2026-05-23T12:36:15+0300 INFO: Завершение работы робота: C:\Users\Влад\Desktop\Кейс\Kейс2_СозданиеДокументов1С\resource\0c3da309-fc73-4b7e-952f-d05ee19b43e4\main.py
2026-05-23T12:36:16+0300 INFO: Завершение выполнения процесса. C:\Users\Влад\Desktop\Кейс\Kейс2_СозданиеДокументов1С\process\main.json
2026-05-23T12:37:01+0300 INFO: Запуск процесса из студии разработки. C:\Users\Влад\Desktop\Кейс\Kейс2_СозданиеДокументов1С\process\main.json
2026-05-23T12:37:03+0300 INFO: Старт робота: C:\Users\Влад\Desktop\Кейс\Kейс2_СозданиеДокументов1С\resource\dee9b6bf-647e-4db4-977f-df3e3aa37a34\main.py
2026-05-23T12:38:26+0300 INFO: Завершение выполнения процесса. C:\Users\Влад\Desktop\Кейс\Kейс2_СозданиеДокументов1С\process\main.json
2026-05-23T12:39:08+0300 INFO: Запуск процесса из студии разработки. C:\Users\Влад\Desktop\Кейс\Kейс2_СозданиеДокументов1С\process\main.json
2026-05-23T12:39:10+0300 INFO: Старт робота: C:\Users\Влад\Desktop\Кейс\Kейс2_СозданиеДокументов1С\resource\f15d1530-3d57-4b6d-b2cb-8085a0f7345a\main.py
2026-05-23T12:40:39+0300 INFO: Завершение выполнения процесса. C:\Users\Влад\Desktop\Кейс\Kейс2_СозданиеДокументов1С\process\main.json
2026-05-23T12:41:47+0300 INFO: Запуск процесса из студии разработки. C:\Users\Влад\Desktop\Кейс\Kейс2_СозданиеДокументов1С\process\main.json
2026-05-23T12:41:49+0300 INFO: Старт робота: C:\Users\Влад\Desktop\Кейс\Kейс2_СозданиеДокументов1С\resource\ed91c635-b866-4c6e-b834-d17d6ee75fa1\main.py
2026-05-23T12:43:24+0300 INFO: Завершение выполнения процесса. C:\Users\Влад\Desktop\Кейс\Kейс2_СозданиеДокументов1С\process\main.json
2026-05-23T12:45:00+0300 INFO: Запуск процесса из студии разработки. C:\Users\Влад\Desktop\Кейс\Kейс2_СозданиеДокументов1С\process\main.json
2026-05-23T12:45:03+0300 INFO: Старт робота: C:\Users\Влад\Desktop\Кейс\Kейс2_СозданиеДокументов1С\resource\437d5adb-920a-49bf-ac2a-7258386cd4c8\main.py
2026-05-23T12:46:36+0300 ERROR: C:\Users\Влад\Desktop\Кейс\Kейс2_СозданиеДокументов1С\resource\437d5adb-920a-49bf-ac2a-7258386cd4c8\main.py Ошибка документа № : Произошла ошибка в строке: 124
Описание ошибки: Ошибка загрузки элемента - Создать.
 Детали ошибки: 'result'
2026-05-23T12:46:36+0300 INFO: C:\Users\Влад\Desktop\Кейс\Kейс2_СозданиеДокументов1С\resource\437d5adb-920a-49bf-ac2a-7258386cd4c8\main.py Обработка завершена. Успешно: 0, ошибок: 1
2026-05-23T12:46:46+0300 INFO: Завершение работы робота: C:\Users\Влад\Desktop\Кейс\Kейс2_СозданиеДокументов1С\resource\437d5adb-920a-49bf-ac2a-7258386cd4c8\main.py
2026-05-23T12:46:46+0300 INFO: Завершение выполнения процесса. C:\Users\Влад\Desktop\Кейс\Kейс2_СозданиеДокументов1С\process\main.json
2026-05-23T12:50:25+0300 INFO: Запуск процесса из студии разработки. C:\Users\Влад\Desktop\Кейс\Kейс2_СозданиеДокументов1С\process\main.json
2026-05-23T12:50:27+0300 INFO: Старт робота: C:\Users\Влад\Desktop\Кейс\Kейс2_СозданиеДокументов1С\resource\3f4dfc9f-4dea-4941-9079-9b6a8d8f8419\main.py
2026-05-23T12:52:06+0300 INFO: Завершение выполнения процесса. C:\Users\Влад\Desktop\Кейс\Kейс2_СозданиеДокументов1С\process\main.json
2026-05-23T12:55:35+0300 INFO: Запуск процесса из студии разработки. C:\Users\Влад\Desktop\Кейс\Kейс2_СозданиеДокументов1С\process\main.json
2026-05-23T12:55:37+0300 INFO: Старт робота: C:\Users\Влад\Desktop\Кейс\Kейс2_СозданиеДокументов1С\resource\09ac490a-dbd7-4c89-a173-15150c2a7b24\main.py
2026-05-23T12:57:14+0300 ERROR: C:\Users\Влад\Desktop\Кейс\Kейс2_СозданиеДокументов1С\resource\09ac490a-dbd7-4c89-a173-15150c2a7b24\main.py Ошибка документа № : Произошла ошибка в строке: 124
Описание ошибки: Ошибка загрузки элемента - Создать.
 Детали ошибки: 'result'
2026-05-23T12:57:14+0300 INFO: C:\Users\Влад\Desktop\Кейс\Kейс2_СозданиеДокументов1С\resource\09ac490a-dbd7-4c89-a173-15150c2a7b24\main.py Обработка завершена. Успешно: 0, ошибок: 1
2026-05-23T12:57:19+0300 INFO: Завершение выполнения процесса. C:\Users\Влад\Desktop\Кейс\Kейс2_СозданиеДокументов1С\process\main.json
2026-05-23T12:58:20+0300 INFO: Запуск процесса из студии разработки. C:\Users\Влад\Desktop\Кейс\Kейс2_СозданиеДокументов1С\process\main.json
2026-05-23T12:58:22+0300 INFO: Старт робота: C:\Users\Влад\Desktop\Кейс\Kейс2_СозданиеДокументов1С\resource\a4ee438b-adbf-479e-ae0b-6f8f48fa0253\main.py
2026-05-23T12:59:52+0300 INFO: Завершение выполнения процесса. C:\Users\Влад\Desktop\Кейс\Kейс2_СозданиеДокументов1С\process\main.json
2026-05-23T13:01:19+0300 INFO: Запуск процесса из студии разработки. C:\Users\Влад\Desktop\Кейс\Kейс2_СозданиеДокументов1С\process\main.json
2026-05-23T13:01:22+0300 INFO: Старт робота: C:\Users\Влад\Desktop\Кейс\Kейс2_СозданиеДокументов1С\resource\3b43c485-debf-4fd4-9aca-720a631387f8\main.py
2026-05-23T13:02:02+0300 INFO: Завершение выполнения процесса. C:\Users\Влад\Desktop\Кейс\Kейс2_СозданиеДокументов1С\process\main.json
2026-05-23T13:04:28+0300 INFO: Запуск процесса из студии разработки. C:\Users\Влад\Desktop\Кейс\Kейс2_СозданиеДокументов1С\process\main.json
2026-05-23T13:04:30+0300 INFO: Старт робота: C:\Users\Влад\Desktop\Кейс\Kейс2_СозданиеДокументов1С\resource\bd51713f-325b-4a3f-ab31-d64ae623a179\main.py
2026-05-23T13:05:29+0300 ERROR: C:\Users\Влад\Desktop\Кейс\Kейс2_СозданиеДокументов1С\resource\bd51713f-325b-4a3f-ab31-d64ae623a179\main.py Ошибка документа № : Произошла ошибка в строке: 118
Описание ошибки: name 'web_actions' is not defined
2026-05-23T13:05:29+0300 INFO: C:\Users\Влад\Desktop\Кейс\Kейс2_СозданиеДокументов1С\resource\bd51713f-325b-4a3f-ab31-d64ae623a179\main.py Обработка завершена. Успешно: 0, ошибок: 1
2026-05-23T13:05:39+0300 INFO: Завершение работы робота: C:\Users\Влад\Desktop\Кейс\Kейс2_СозданиеДокументов1С\resource\bd51713f-325b-4a3f-ab31-d64ae623a179\main.py
2026-05-23T13:05:39+0300 INFO: Завершение выполнения процесса. C:\Users\Влад\Desktop\Кейс\Kейс2_СозданиеДокументов1С\process\main.json
2026-05-23T13:06:15+0300 INFO: Запуск процесса из студии разработки. C:\Users\Влад\Desktop\Кейс\Kейс2_СозданиеДокументов1С\process\main.json
2026-05-23T13:06:17+0300 INFO: Старт робота: C:\Users\Влад\Desktop\Кейс\Kейс2_СозданиеДокументов1С\resource\d8db6d05-6c20-4f62-bd11-1eee7b92813a\main.py
2026-05-23T13:07:57+0300 ERROR: C:\Users\Влад\Desktop\Кейс\Kейс2_СозданиеДокументов1С\resource\d8db6d05-6c20-4f62-bd11-1eee7b92813a\main.py Ошибка документа № : Произошла ошибка в строке: 130
Описание ошибки: Ошибка загрузки элемента - Создать.
 Детали ошибки: 'result'
2026-05-23T13:07:57+0300 INFO: C:\Users\Влад\Desktop\Кейс\Kейс2_СозданиеДокументов1С\resource\d8db6d05-6c20-4f62-bd11-1eee7b92813a\main.py Обработка завершена. Успешно: 0, ошибок: 1
2026-05-23T13:08:00+0300 INFO: Завершение выполнения процесса. C:\Users\Влад\Desktop\Кейс\Kейс2_СозданиеДокументов1С\process\main.json
2026-05-23T13:10:35+0300 INFO: Запуск процесса из студии разработки. C:\Users\Влад\Desktop\Кейс\Kейс2_СозданиеДокументов1С\process\main.json
2026-05-23T13:10:38+0300 INFO: Старт робота: C:\Users\Влад\Desktop\Кейс\Kейс2_СозданиеДокументов1С\resource\0bc91c87-ea14-4473-b3b8-63962527b71a\main.py
2026-05-23T13:12:12+0300 ERROR: C:\Users\Влад\Desktop\Кейс\Kейс2_СозданиеДокументов1С\resource\0bc91c87-ea14-4473-b3b8-63962527b71a\main.py Ошибка документа № : Произошла ошибка в строке: 128
Описание ошибки: Ошибка загрузки элемента - Создать.
 Детали ошибки: [WinError 1225] Удаленный компьютер отклонил это сетевое подключение
2026-05-23T13:12:12+0300 INFO: C:\Users\Влад\Desktop\Кейс\Kейс2_СозданиеДокументов1С\resource\0bc91c87-ea14-4473-b3b8-63962527b71a\main.py Обработка завершена. Успешно: 0, ошибок: 1
2026-05-23T13:12:22+0300 INFO: Завершение работы робота: C:\Users\Влад\Desktop\Кейс\Kейс2_СозданиеДокументов1С\resource\0bc91c87-ea14-4473-b3b8-63962527b71a\main.py
2026-05-23T13:12:23+0300 INFO: Завершение выполнения процесса. C:\Users\Влад\Desktop\Кейс\Kейс2_СозданиеДокументов1С\process\main.json
2026-05-23T13:16:32+0300 INFO: Запуск процесса из студии разработки. C:\Users\Влад\Desktop\Кейс\Kейс2_СозданиеДокументов1С\process\main.json
2026-05-23T13:16:34+0300 INFO: Старт робота: C:\Users\Влад\Desktop\Кейс\Kейс2_СозданиеДокументов1С\resource\a8300ed0-816b-4d6c-9569-cf0c06464099\main.py
2026-05-23T13:17:53+0300 ERROR: C:\Users\Влад\Desktop\Кейс\Kейс2_СозданиеДокументов1С\resource\a8300ed0-816b-4d6c-9569-cf0c06464099\main.py Ошибка документа № : Произошла ошибка в строке: 124
Описание ошибки: 'result'
2026-05-23T13:17:53+0300 INFO: C:\Users\Влад\Desktop\Кейс\Kейс2_СозданиеДокументов1С\resource\a8300ed0-816b-4d6c-9569-cf0c06464099\main.py Обработка завершена. Успешно: 0, ошибок: 1
2026-05-23T13:18:03+0300 INFO: Завершение работы робота: C:\Users\Влад\Desktop\Кейс\Kейс2_СозданиеДокументов1С\resource\a8300ed0-816b-4d6c-9569-cf0c06464099\main.py
2026-05-23T13:18:03+0300 INFO: Завершение выполнения процесса. C:\Users\Влад\Desktop\Кейс\Kейс2_СозданиеДокументов1С\process\main.json
2026-05-23T13:19:07+0300 INFO: Запуск процесса из студии разработки. C:\Users\Влад\Desktop\Кейс\Kейс2_СозданиеДокументов1С\process\main.json
2026-05-23T13:19:09+0300 INFO: Старт робота: C:\Users\Влад\Desktop\Кейс\Kейс2_СозданиеДокументов1С\resource\f99ee29b-110b-4616-a646-babffb83223c\main.py
2026-05-23T13:20:28+0300 ERROR: C:\Users\Влад\Desktop\Кейс\Kейс2_СозданиеДокументов1С\resource\f99ee29b-110b-4616-a646-babffb83223c\main.py Ошибка документа № : Произошла ошибка в строке: 124
Описание ошибки: 'result'
2026-05-23T13:20:28+0300 INFO: C:\Users\Влад\Desktop\Кейс\Kейс2_СозданиеДокументов1С\resource\f99ee29b-110b-4616-a646-babffb83223c\main.py Обработка завершена. Успешно: 0, ошибок: 1
2026-05-23T13:20:38+0300 INFO: Завершение работы робота: C:\Users\Влад\Desktop\Кейс\Kейс2_СозданиеДокументов1С\resource\f99ee29b-110b-4616-a646-babffb83223c\main.py
2026-05-23T13:20:38+0300 INFO: Завершение выполнения процесса. C:\Users\Влад\Desktop\Кейс\Kейс2_СозданиеДокументов1С\process\main.json
2026-05-23T13:21:50+0300 INFO: Запуск процесса из студии разработки. C:\Users\Влад\Desktop\Кейс\Kейс2_СозданиеДокументов1С\process\main.json
2026-05-23T13:21:52+0300 INFO: Старт робота: C:\Users\Влад\Desktop\Кейс\Kейс2_СозданиеДокументов1С\resource\93b6cfa1-be49-40fb-8cd4-bb007a00c243\main.py
2026-05-23T13:23:20+0300 INFO: Завершение выполнения процесса. C:\Users\Влад\Desktop\Кейс\Kейс2_СозданиеДокументов1С\process\main.json
2026-05-23T13:23:33+0300 INFO: Запуск процесса из студии разработки. C:\Users\Влад\Desktop\Кейс\Kейс2_СозданиеДокументов1С\process\main.json
2026-05-23T13:23:35+0300 INFO: Старт робота: C:\Users\Влад\Desktop\Кейс\Kейс2_СозданиеДокументов1С\resource\f8859bbd-65cf-495c-8f1c-dcbbf512dcd4\main.py
2026-05-23T13:25:21+0300 ERROR: C:\Users\Влад\Desktop\Кейс\Kейс2_СозданиеДокументов1С\resource\f8859bbd-65cf-495c-8f1c-dcbbf512dcd4\main.py Ошибка документа № : Произошла ошибка в строке: 130
Описание ошибки: Ошибка загрузки элемента - Создать.
 Детали ошибки: 'result'
2026-05-23T13:25:21+0300 INFO: C:\Users\Влад\Desktop\Кейс\Kейс2_СозданиеДокументов1С\resource\f8859bbd-65cf-495c-8f1c-dcbbf512dcd4\main.py Обработка завершена. Успешно: 0, ошибок: 1
2026-05-23T13:25:31+0300 INFO: Завершение работы робота: C:\Users\Влад\Desktop\Кейс\Kейс2_СозданиеДокументов1С\resource\f8859bbd-65cf-495c-8f1c-dcbbf512dcd4\main.py
2026-05-23T13:25:31+0300 INFO: Завершение выполнения процесса. C:\Users\Влад\Desktop\Кейс\Kейс2_СозданиеДокументов1С\process\main.json
2026-05-23T13:28:07+0300 INFO: Запуск процесса из студии разработки. C:\Users\Влад\Desktop\Кейс\Kейс2_СозданиеДокументов1С\process\main.json
2026-05-23T13:28:09+0300 INFO: Старт робота: C:\Users\Влад\Desktop\Кейс\Kейс2_СозданиеДокументов1С\resource\9fc9f3b6-b52d-4b3a-ac91-006386644a06\main.py
2026-05-23T13:29:28+0300 ERROR: C:\Users\Влад\Desktop\Кейс\Kейс2_СозданиеДокументов1С\resource\9fc9f3b6-b52d-4b3a-ac91-006386644a06\main.py Ошибка документа № : Произошла ошибка в строке: 130
Описание ошибки: Ошибка загрузки элемента Контрагент:.
2026-05-23T13:29:28+0300 INFO: C:\Users\Влад\Desktop\Кейс\Kейс2_СозданиеДокументов1С\resource\9fc9f3b6-b52d-4b3a-ac91-006386644a06\main.py Обработка завершена. Успешно: 0, ошибок: 1
2026-05-23T13:29:38+0300 INFO: Завершение работы робота: C:\Users\Влад\Desktop\Кейс\Kейс2_СозданиеДокументов1С\resource\9fc9f3b6-b52d-4b3a-ac91-006386644a06\main.py
2026-05-23T13:29:38+0300 INFO: Завершение выполнения процесса. C:\Users\Влад\Desktop\Кейс\Kейс2_СозданиеДокументов1С\process\main.json
2026-05-23T13:57:28+0300 INFO: Запуск процесса из студии разработки. C:\Users\Влад\Desktop\Кейс\Kейс2_СозданиеДокументов1С\process\main.json
2026-05-23T13:57:30+0300 INFO: Старт робота: C:\Users\Влад\Desktop\Кейс\Kейс2_СозданиеДокументов1С\resource\4ff6cdcd-b368-4303-afbc-6d24d41c52dc\main.py
2026-05-23T13:58:32+0300 ERROR: C:\Users\Влад\Desktop\Кейс\Kейс2_СозданиеДокументов1С\resource\4ff6cdcd-b368-4303-afbc-6d24d41c52dc\main.py Ошибка документа № : Произошла ошибка в строке: 118
Описание ошибки: Невозможно найти кнопку: 'Продажи'
2026-05-23T13:58:32+0300 INFO: C:\Users\Влад\Desktop\Кейс\Kейс2_СозданиеДокументов1С\resource\4ff6cdcd-b368-4303-afbc-6d24d41c52dc\main.py Обработка завершена. Успешно: 0, ошибок: 1
2026-05-23T13:58:42+0300 INFO: Завершение работы робота: C:\Users\Влад\Desktop\Кейс\Kейс2_СозданиеДокументов1С\resource\4ff6cdcd-b368-4303-afbc-6d24d41c52dc\main.py
2026-05-23T13:58:43+0300 INFO: Завершение выполнения процесса. C:\Users\Влад\Desktop\Кейс\Kейс2_СозданиеДокументов1С\process\main.json
2026-05-23T13:58:50+0300 INFO: Запуск процесса из студии разработки. C:\Users\Влад\Desktop\Кейс\Kейс2_СозданиеДокументов1С\process\main.json
2026-05-23T13:58:52+0300 INFO: Старт робота: C:\Users\Влад\Desktop\Кейс\Kейс2_СозданиеДокументов1С\resource\aa7c5c35-858c-4303-9fd1-ee04df773d6f\main.py
2026-05-23T13:59:07+0300 INFO: Завершение выполнения процесса. C:\Users\Влад\Desktop\Кейс\Kейс2_СозданиеДокументов1С\process\main.json
2026-05-23T14:11:36+0300 INFO: Запуск процесса из студии разработки. C:\Users\Влад\Desktop\Кейс\Kейс2_СозданиеДокументов1С\process\main.json
2026-05-23T14:11:39+0300 INFO: Старт робота: C:\Users\Влад\Desktop\Кейс\Kейс2_СозданиеДокументов1С\resource\a0f53cad-dfb5-4153-9b0a-7eb0234ed3b5\main.py
2026-05-23T14:12:14+0300 INFO: Завершение выполнения процесса. C:\Users\Влад\Desktop\Кейс\Kейс2_СозданиеДокументов1С\process\main.json
2026-05-23T14:24:29+0300 INFO: Запуск процесса из студии разработки. C:\Users\Влад\Desktop\Кейс\Kейс2_СозданиеДокументов1С\process\main.json
2026-05-23T14:24:31+0300 INFO: Старт робота: C:\Users\Влад\Desktop\Кейс\Kейс2_СозданиеДокументов1С\resource\6f368163-0be8-4f0d-bcf8-9fe9f2e8a90e\main.py
2026-05-23T14:25:48+0300 ERROR: C:\Users\Влад\Desktop\Кейс\Kейс2_СозданиеДокументов1С\resource\6f368163-0be8-4f0d-bcf8-9fe9f2e8a90e\main.py Ошибка документа № : Произошла ошибка в строке: 130
Описание ошибки: name 'web_actions' is not defined
2026-05-23T14:25:48+0300 INFO: C:\Users\Влад\Desktop\Кейс\Kейс2_СозданиеДокументов1С\resource\6f368163-0be8-4f0d-bcf8-9fe9f2e8a90e\main.py Обработка завершена. Успешно: 0, ошибок: 1
2026-05-23T14:25:53+0300 INFO: Завершение работы робота: C:\Users\Влад\Desktop\Кейс\Kейс2_СозданиеДокументов1С\resource\6f368163-0be8-4f0d-bcf8-9fe9f2e8a90e\main.py
2026-05-23T14:25:53+0300 INFO: Завершение выполнения процесса. C:\Users\Влад\Desktop\Кейс\Kейс2_СозданиеДокументов1С\process\main.json
2026-05-23T14:33:29+0300 INFO: Запуск процесса из студии разработки. C:\Users\Влад\Desktop\Кейс\Kейс2_СозданиеДокументов1С\process\main.json
2026-05-23T14:33:39+0300 INFO: Старт робота: C:\Users\Влад\Desktop\Кейс\Kейс2_СозданиеДокументов1С\resource\0d528a29-363c-4da5-b396-518f997c096f\main.py
2026-05-23T14:34:56+0300 ERROR: C:\Users\Влад\Desktop\Кейс\Kейс2_СозданиеДокументов1С\resource\0d528a29-363c-4da5-b396-518f997c096f\main.py Ошибка документа № : Произошла ошибка в строке: 130
Описание ошибки: 'result'
2026-05-23T14:34:56+0300 INFO: C:\Users\Влад\Desktop\Кейс\Kейс2_СозданиеДокументов1С\resource\0d528a29-363c-4da5-b396-518f997c096f\main.py Обработка завершена. Успешно: 0, ошибок: 1
2026-05-23T14:34:57+0300 INFO: Завершение выполнения процесса. C:\Users\Влад\Desktop\Кейс\Kейс2_СозданиеДокументов1С\process\main.json
2026-05-23T14:57:56+0300 INFO: Запуск процесса из студии разработки. C:\Users\Влад\Desktop\Кейс\Kейс2_СозданиеДокументов1С\process\main.json
2026-05-23T14:57:59+0300 INFO: Старт робота: C:\Users\Влад\Desktop\Кейс\Kейс2_СозданиеДокументов1С\resource\7f8ac717-be2d-4964-a879-6d81464f9225\main.py
2026-05-23T14:58:31+0300 INFO: Завершение выполнения процесса. C:\Users\Влад\Desktop\Кейс\Kейс2_СозданиеДокументов1С\process\main.json
2026-05-23T15:04:42+0300 INFO: Запуск процесса из студии разработки. C:\Users\Влад\Desktop\Кейс\Kейс2_СозданиеДокументов1С\process\main.json
2026-05-23T15:04:44+0300 INFO: Старт робота: C:\Users\Влад\Desktop\Кейс\Kейс2_СозданиеДокументов1С\resource\a5e26485-9ddd-44b7-a16d-6cb9be9027fd\main.py
2026-05-23T15:06:02+0300 ERROR: C:\Users\Влад\Desktop\Кейс\Kейс2_СозданиеДокументов1С\resource\a5e26485-9ddd-44b7-a16d-6cb9be9027fd\main.py Ошибка документа № : Произошла ошибка в строке: 130
Описание ошибки: name 'web_actions' is not defined
2026-05-23T15:06:02+0300 INFO: C:\Users\Влад\Desktop\Кейс\Kейс2_СозданиеДокументов1С\resource\a5e26485-9ddd-44b7-a16d-6cb9be9027fd\main.py Обработка завершена. Успешно: 0, ошибок: 1
2026-05-23T15:06:02+0300 INFO: Завершение работы робота: C:\Users\Влад\Desktop\Кейс\Kейс2_СозданиеДокументов1С\resource\a5e26485-9ddd-44b7-a16d-6cb9be9027fd\main.py
2026-05-23T15:06:03+0300 INFO: Завершение выполнения процесса. C:\Users\Влад\Desktop\Кейс\Kейс2_СозданиеДокументов1С\process\main.json
2026-05-23T15:06:43+0300 INFO: Запуск процесса из студии разработки. C:\Users\Влад\Desktop\Кейс\Kейс2_СозданиеДокументов1С\process\main.json
2026-05-23T15:06:46+0300 INFO: Старт робота: C:\Users\Влад\Desktop\Кейс\Kейс2_СозданиеДокументов1С\resource\3c3528ec-885f-4af5-9124-20e733537bc1\main.py
2026-05-23T15:08:06+0300 ERROR: C:\Users\Влад\Desktop\Кейс\Kейс2_СозданиеДокументов1С\resource\3c3528ec-885f-4af5-9124-20e733537bc1\main.py Ошибка документа № : Произошла ошибка в строке: 133
Описание ошибки: Ошибка загрузки элемента Организация:.
2026-05-23T15:08:06+0300 INFO: C:\Users\Влад\Desktop\Кейс\Kейс2_СозданиеДокументов1С\resource\3c3528ec-885f-4af5-9124-20e733537bc1\main.py Обработка завершена. Успешно: 0, ошибок: 1
2026-05-23T15:08:06+0300 INFO: Завершение работы робота: C:\Users\Влад\Desktop\Кейс\Kейс2_СозданиеДокументов1С\resource\3c3528ec-885f-4af5-9124-20e733537bc1\main.py
2026-05-23T15:08:07+0300 INFO: Завершение выполнения процесса. C:\Users\Влад\Desktop\Кейс\Kейс2_СозданиеДокументов1С\process\main.json
2026-05-23T15:09:49+0300 INFO: Запуск процесса из студии разработки. C:\Users\Влад\Desktop\Кейс\Kейс2_СозданиеДокументов1С\process\main.json
2026-05-23T15:09:51+0300 INFO: Старт робота: C:\Users\Влад\Desktop\Кейс\Kейс2_СозданиеДокументов1С\resource\f1990c1c-4dcc-418a-be07-21a5a3d90529\main.py
2026-05-23T15:11:11+0300 ERROR: C:\Users\Влад\Desktop\Кейс\Kейс2_СозданиеДокументов1С\resource\f1990c1c-4dcc-418a-be07-21a5a3d90529\main.py Ошибка документа № : Произошла ошибка в строке: 133
Описание ошибки: Ошибка загрузки элемента Организация:.
2026-05-23T15:11:11+0300 INFO: C:\Users\Влад\Desktop\Кейс\Kейс2_СозданиеДокументов1С\resource\f1990c1c-4dcc-418a-be07-21a5a3d90529\main.py Обработка завершена. Успешно: 0, ошибок: 1
2026-05-23T15:11:11+0300 INFO: Завершение работы робота: C:\Users\Влад\Desktop\Кейс\Kейс2_СозданиеДокументов1С\resource\f1990c1c-4dcc-418a-be07-21a5a3d90529\main.py
2026-05-23T15:11:11+0300 INFO: Завершение выполнения процесса. C:\Users\Влад\Desktop\Кейс\Kейс2_СозданиеДокументов1С\process\main.json
2026-05-23T15:14:01+0300 INFO: Запуск процесса из студии разработки. C:\Users\Влад\Desktop\Кейс\Kейс2_СозданиеДокументов1С\process\main.json
2026-05-23T15:14:03+0300 INFO: Старт робота: C:\Users\Влад\Desktop\Кейс\Kейс2_СозданиеДокументов1С\resource\964c0a2b-e158-479a-9d02-c69523bf3920\main.py
2026-05-23T15:15:21+0300 ERROR: C:\Users\Влад\Desktop\Кейс\Kейс2_СозданиеДокументов1С\resource\964c0a2b-e158-479a-9d02-c69523bf3920\main.py Ошибка документа № : Произошла ошибка в строке: 133
Описание ошибки: The element is not visible
2026-05-23T15:15:21+0300 INFO: C:\Users\Влад\Desktop\Кейс\Kейс2_СозданиеДокументов1С\resource\964c0a2b-e158-479a-9d02-c69523bf3920\main.py Обработка завершена. Успешно: 0, ошибок: 1
2026-05-23T15:15:21+0300 INFO: Завершение работы робота: C:\Users\Влад\Desktop\Кейс\Kейс2_СозданиеДокументов1С\resource\964c0a2b-e158-479a-9d02-c69523bf3920\main.py
2026-05-23T15:15:21+0300 INFO: Завершение выполнения процесса. C:\Users\Влад\Desktop\Кейс\Kейс2_СозданиеДокументов1С\process\main.json
2026-05-23T15:16:09+0300 INFO: Запуск процесса из студии разработки. C:\Users\Влад\Desktop\Кейс\Kейс2_СозданиеДокументов1С\process\main.json
2026-05-23T15:16:11+0300 INFO: Старт робота: C:\Users\Влад\Desktop\Кейс\Kейс2_СозданиеДокументов1С\resource\7e679772-77f2-40a1-bc99-e187a31926db\main.py
2026-05-23T15:17:22+0300 ERROR: C:\Users\Влад\Desktop\Кейс\Kейс2_СозданиеДокументов1С\resource\7e679772-77f2-40a1-bc99-e187a31926db\main.py Ошибка документа № : Произошла ошибка в строке: 136
Описание ошибки: The element is not visible
2026-05-23T15:17:22+0300 INFO: C:\Users\Влад\Desktop\Кейс\Kейс2_СозданиеДокументов1С\resource\7e679772-77f2-40a1-bc99-e187a31926db\main.py Обработка завершена. Успешно: 0, ошибок: 1
2026-05-23T15:17:28+0300 INFO: Завершение работы робота: C:\Users\Влад\Desktop\Кейс\Kейс2_СозданиеДокументов1С\resource\7e679772-77f2-40a1-bc99-e187a31926db\main.py
2026-05-23T15:17:28+0300 INFO: Завершение выполнения процесса. C:\Users\Влад\Desktop\Кейс\Kейс2_СозданиеДокументов1С\process\main.json
2026-05-23T15:19:40+0300 INFO: Запуск процесса из студии разработки. C:\Users\Влад\Desktop\Кейс\Kейс2_СозданиеДокументов1С\process\main.json
2026-05-23T15:19:42+0300 INFO: Старт робота: C:\Users\Влад\Desktop\Кейс\Kейс2_СозданиеДокументов1С\resource\f2d33d97-4130-42a4-bdf6-6a16f4e00dd4\main.py
2026-05-23T15:20:55+0300 ERROR: C:\Users\Влад\Desktop\Кейс\Kейс2_СозданиеДокументов1С\resource\f2d33d97-4130-42a4-bdf6-6a16f4e00dd4\main.py Ошибка документа № : Произошла ошибка в строке: 136
Описание ошибки: The element is not visible
2026-05-23T15:20:55+0300 INFO: C:\Users\Влад\Desktop\Кейс\Kейс2_СозданиеДокументов1С\resource\f2d33d97-4130-42a4-bdf6-6a16f4e00dd4\main.py Обработка завершена. Успешно: 0, ошибок: 1
2026-05-23T15:21:01+0300 INFO: Завершение работы робота: C:\Users\Влад\Desktop\Кейс\Kейс2_СозданиеДокументов1С\resource\f2d33d97-4130-42a4-bdf6-6a16f4e00dd4\main.py
2026-05-23T15:21:01+0300 INFO: Завершение выполнения процесса. C:\Users\Влад\Desktop\Кейс\Kейс2_СозданиеДокументов1С\process\main.json
2026-05-23T15:24:02+0300 INFO: Запуск процесса из студии разработки. C:\Users\Влад\Desktop\Кейс\Kейс2_СозданиеДокументов1С\process\main.json
2026-05-23T15:24:06+0300 INFO: Старт робота: C:\Users\Влад\Desktop\Кейс\Kейс2_СозданиеДокументов1С\resource\dca5d426-f356-49d7-8860-6e8fe216e310\main.py
2026-05-23T15:25:18+0300 ERROR: C:\Users\Влад\Desktop\Кейс\Kейс2_СозданиеДокументов1С\resource\dca5d426-f356-49d7-8860-6e8fe216e310\main.py Ошибка документа № : Произошла ошибка в строке: 139
Описание ошибки: The element is not visible
2026-05-23T15:25:18+0300 INFO: C:\Users\Влад\Desktop\Кейс\Kейс2_СозданиеДокументов1С\resource\dca5d426-f356-49d7-8860-6e8fe216e310\main.py Обработка завершена. Успешно: 0, ошибок: 1
2026-05-23T15:25:24+0300 INFO: Завершение работы робота: C:\Users\Влад\Desktop\Кейс\Kейс2_СозданиеДокументов1С\resource\dca5d426-f356-49d7-8860-6e8fe216e310\main.py
2026-05-23T15:25:24+0300 INFO: Завершение выполнения процесса. C:\Users\Влад\Desktop\Кейс\Kейс2_СозданиеДокументов1С\process\main.json
2026-05-23T15:26:00+0300 INFO: Запуск процесса из студии разработки. C:\Users\Влад\Desktop\Кейс\Kейс2_СозданиеДокументов1С\process\main.json
2026-05-23T15:26:02+0300 INFO: Старт робота: C:\Users\Влад\Desktop\Кейс\Kейс2_СозданиеДокументов1С\resource\8d4bbe5e-d01c-4b65-b5e3-50e383ffd02a\main.py
2026-05-23T15:27:17+0300 ERROR: C:\Users\Влад\Desktop\Кейс\Kейс2_СозданиеДокументов1С\resource\8d4bbe5e-d01c-4b65-b5e3-50e383ffd02a\main.py Ошибка документа № : Произошла ошибка в строке: 139
Описание ошибки: The element is not visible
2026-05-23T15:27:17+0300 INFO: C:\Users\Влад\Desktop\Кейс\Kейс2_СозданиеДокументов1С\resource\8d4bbe5e-d01c-4b65-b5e3-50e383ffd02a\main.py Обработка завершена. Успешно: 0, ошибок: 1
2026-05-23T15:27:23+0300 INFO: Завершение работы робота: C:\Users\Влад\Desktop\Кейс\Kейс2_СозданиеДокументов1С\resource\8d4bbe5e-d01c-4b65-b5e3-50e383ffd02a\main.py
2026-05-23T15:27:23+0300 INFO: Завершение выполнения процесса. C:\Users\Влад\Desktop\Кейс\Kейс2_СозданиеДокументов1С\process\main.json
2026-05-23T15:31:28+0300 INFO: Запуск процесса из студии разработки. C:\Users\Влад\Desktop\Кейс\Kейс2_СозданиеДокументов1С\process\main.json
2026-05-23T15:31:30+0300 INFO: Старт робота: C:\Users\Влад\Desktop\Кейс\Kейс2_СозданиеДокументов1С\resource\02336858-8fb0-47ae-91cc-232091faa889\main.py
2026-05-23T15:33:14+0300 ERROR: C:\Users\Влад\Desktop\Кейс\Kейс2_СозданиеДокументов1С\resource\02336858-8fb0-47ae-91cc-232091faa889\main.py Ошибка документа № : Произошла ошибка в строке: 175
Описание ошибки: Невозможно найти кнопку: 'Добавить'
2026-05-23T15:33:14+0300 INFO: C:\Users\Влад\Desktop\Кейс\Kейс2_СозданиеДокументов1С\resource\02336858-8fb0-47ae-91cc-232091faa889\main.py Обработка завершена. Успешно: 0, ошибок: 1
2026-05-23T15:33:20+0300 INFO: Завершение работы робота: C:\Users\Влад\Desktop\Кейс\Kейс2_СозданиеДокументов1С\resource\02336858-8fb0-47ae-91cc-232091faa889\main.py
2026-05-23T15:33:20+0300 INFO: Завершение выполнения процесса. C:\Users\Влад\Desktop\Кейс\Kейс2_СозданиеДокументов1С\process\main.json
2026-05-23T15:35:01+0300 INFO: Запуск процесса из студии разработки. C:\Users\Влад\Desktop\Кейс\Kейс2_СозданиеДокументов1С\process\main.json
2026-05-23T15:35:03+0300 INFO: Старт робота: C:\Users\Влад\Desktop\Кейс\Kейс2_СозданиеДокументов1С\resource\688cf418-89d7-4386-9704-12a812dee7c1\main.py
2026-05-23T15:36:46+0300 ERROR: C:\Users\Влад\Desktop\Кейс\Kейс2_СозданиеДокументов1С\resource\688cf418-89d7-4386-9704-12a812dee7c1\main.py Ошибка документа № : Произошла ошибка в строке: 175
Описание ошибки: Невозможно найти кнопку: 'Добавить'
2026-05-23T15:36:46+0300 INFO: C:\Users\Влад\Desktop\Кейс\Kейс2_СозданиеДокументов1С\resource\688cf418-89d7-4386-9704-12a812dee7c1\main.py Обработка завершена. Успешно: 0, ошибок: 1
2026-05-23T15:36:52+0300 INFO: Завершение выполнения процесса. C:\Users\Влад\Desktop\Кейс\Kейс2_СозданиеДокументов1С\process\main.json
2026-05-23T15:37:05+0300 INFO: Запуск процесса из студии разработки. C:\Users\Влад\Desktop\Кейс\Kейс2_СозданиеДокументов1С\process\main.json
2026-05-23T15:37:07+0300 INFO: Старт робота: C:\Users\Влад\Desktop\Кейс\Kейс2_СозданиеДокументов1С\resource\0d35bb66-818d-4372-9889-190e83fb1dfb\main.py
2026-05-23T15:38:33+0300 INFO: Завершение выполнения процесса. C:\Users\Влад\Desktop\Кейс\Kейс2_СозданиеДокументов1С\process\main.json
2026-05-23T15:39:03+0300 INFO: Запуск процесса из студии разработки. C:\Users\Влад\Desktop\Кейс\Kейс2_СозданиеДокументов1С\process\main.json
2026-05-23T15:39:05+0300 INFO: Старт робота: C:\Users\Влад\Desktop\Кейс\Kейс2_СозданиеДокументов1С\resource\4c17b4d6-eb9a-43cb-bcb3-85ed726e524b\main.py
2026-05-23T15:40:42+0300 INFO: Завершение выполнения процесса. C:\Users\Влад\Desktop\Кейс\Kейс2_СозданиеДокументов1С\process\main.json
2026-05-23T15:45:44+0300 INFO: Запуск процесса из студии разработки. C:\Users\Влад\Desktop\Кейс\Kейс2_СозданиеДокументов1С\process\main.json
2026-05-23T15:45:47+0300 INFO: Старт робота: C:\Users\Влад\Desktop\Кейс\Kейс2_СозданиеДокументов1С\resource\b521bf2e-1c47-4315-bc53-357f0fdab7a3\main.py
2026-05-23T15:47:02+0300 ERROR: C:\Users\Влад\Desktop\Кейс\Kейс2_СозданиеДокументов1С\resource\b521bf2e-1c47-4315-bc53-357f0fdab7a3\main.py Ошибка документа № : Произошла ошибка в строке: 175
Описание ошибки: The element is not visible
2026-05-23T15:47:02+0300 INFO: C:\Users\Влад\Desktop\Кейс\Kейс2_СозданиеДокументов1С\resource\b521bf2e-1c47-4315-bc53-357f0fdab7a3\main.py Обработка завершена. Успешно: 0, ошибок: 1
2026-05-23T15:47:08+0300 INFO: Завершение работы робота: C:\Users\Влад\Desktop\Кейс\Kейс2_СозданиеДокументов1С\resource\b521bf2e-1c47-4315-bc53-357f0fdab7a3\main.py
2026-05-23T15:47:08+0300 INFO: Завершение выполнения процесса. C:\Users\Влад\Desktop\Кейс\Kейс2_СозданиеДокументов1С\process\main.json
2026-05-23T15:50:53+0300 INFO: Запуск процесса из студии разработки. C:\Users\Влад\Desktop\Кейс\Kейс2_СозданиеДокументов1С\process\main.json
2026-05-23T15:50:55+0300 INFO: Старт робота: C:\Users\Влад\Desktop\Кейс\Kейс2_СозданиеДокументов1С\resource\7b976c33-15f2-44fd-a55d-91abbd194f35\main.py
2026-05-23T15:52:11+0300 ERROR: C:\Users\Влад\Desktop\Кейс\Kейс2_СозданиеДокументов1С\resource\7b976c33-15f2-44fd-a55d-91abbd194f35\main.py Ошибка документа № : Произошла ошибка в строке: 178
Описание ошибки: The element is not visible
2026-05-23T15:52:11+0300 INFO: C:\Users\Влад\Desktop\Кейс\Kейс2_СозданиеДокументов1С\resource\7b976c33-15f2-44fd-a55d-91abbd194f35\main.py Обработка завершена. Успешно: 0, ошибок: 1
2026-05-23T15:52:17+0300 INFO: Завершение работы робота: C:\Users\Влад\Desktop\Кейс\Kейс2_СозданиеДокументов1С\resource\7b976c33-15f2-44fd-a55d-91abbd194f35\main.py
2026-05-23T15:52:17+0300 INFO: Завершение выполнения процесса. C:\Users\Влад\Desktop\Кейс\Kейс2_СозданиеДокументов1С\process\main.json
2026-05-23T15:52:56+0300 INFO: Запуск процесса из студии разработки. C:\Users\Влад\Desktop\Кейс\Kейс2_СозданиеДокументов1С\process\main.json
2026-05-23T15:52:58+0300 INFO: Старт робота: C:\Users\Влад\Desktop\Кейс\Kейс2_СозданиеДокументов1С\resource\4be99a9c-6ecf-496e-ad08-2f5e95f755e6\main.py
2026-05-23T15:54:16+0300 ERROR: C:\Users\Влад\Desktop\Кейс\Kейс2_СозданиеДокументов1С\resource\4be99a9c-6ecf-496e-ad08-2f5e95f755e6\main.py Ошибка документа № : Произошла ошибка в строке: 184
Описание ошибки: The element is not visible
2026-05-23T15:54:16+0300 INFO: C:\Users\Влад\Desktop\Кейс\Kейс2_СозданиеДокументов1С\resource\4be99a9c-6ecf-496e-ad08-2f5e95f755e6\main.py Обработка завершена. Успешно: 0, ошибок: 1
2026-05-23T15:54:22+0300 INFO: Завершение работы робота: C:\Users\Влад\Desktop\Кейс\Kейс2_СозданиеДокументов1С\resource\4be99a9c-6ecf-496e-ad08-2f5e95f755e6\main.py
2026-05-23T15:54:22+0300 INFO: Завершение выполнения процесса. C:\Users\Влад\Desktop\Кейс\Kейс2_СозданиеДокументов1С\process\main.json
2026-05-23T15:56:57+0300 INFO: Запуск процесса из студии разработки. C:\Users\Влад\Desktop\Кейс\Kейс2_СозданиеДокументов1С\process\main.json
2026-05-23T15:56:59+0300 INFO: Старт робота: C:\Users\Влад\Desktop\Кейс\Kейс2_СозданиеДокументов1С\resource\c3087c4c-e068-4a85-9fba-b4f0166ed664\main.py
2026-05-23T15:58:25+0300 ERROR: C:\Users\Влад\Desktop\Кейс\Kейс2_СозданиеДокументов1С\resource\c3087c4c-e068-4a85-9fba-b4f0166ed664\main.py Ошибка документа № : Произошла ошибка в строке: 178
Описание ошибки: Элемент не найден: XPATH=(//div[@title='Добавить новый элемент (Ins)'])[1]
2026-05-23T15:58:25+0300 INFO: C:\Users\Влад\Desktop\Кейс\Kейс2_СозданиеДокументов1С\resource\c3087c4c-e068-4a85-9fba-b4f0166ed664\main.py Обработка завершена. Успешно: 0, ошибок: 1
2026-05-23T15:58:31+0300 INFO: Завершение работы робота: C:\Users\Влад\Desktop\Кейс\Kейс2_СозданиеДокументов1С\resource\c3087c4c-e068-4a85-9fba-b4f0166ed664\main.py
2026-05-23T15:58:31+0300 INFO: Завершение выполнения процесса. C:\Users\Влад\Desktop\Кейс\Kейс2_СозданиеДокументов1С\process\main.json
2026-05-23T15:59:57+0300 INFO: Запуск процесса из студии разработки. C:\Users\Влад\Desktop\Кейс\Kейс2_СозданиеДокументов1С\process\main.json
2026-05-23T15:59:59+0300 INFO: Старт робота: C:\Users\Влад\Desktop\Кейс\Kейс2_СозданиеДокументов1С\resource\79ac9c34-72e5-45fc-b2f1-751032301d17\main.py
2026-05-23T16:01:25+0300 ERROR: C:\Users\Влад\Desktop\Кейс\Kейс2_СозданиеДокументов1С\resource\79ac9c34-72e5-45fc-b2f1-751032301d17\main.py Ошибка документа № : Произошла ошибка в строке: 178
Описание ошибки: Элемент не найден: XPATH=(//div[@title='Добавить новый элемент (Ins)'])[1]
2026-05-23T16:01:25+0300 INFO: C:\Users\Влад\Desktop\Кейс\Kейс2_СозданиеДокументов1С\resource\79ac9c34-72e5-45fc-b2f1-751032301d17\main.py Обработка завершена. Успешно: 0, ошибок: 1
2026-05-23T16:01:31+0300 INFO: Завершение работы робота: C:\Users\Влад\Desktop\Кейс\Kейс2_СозданиеДокументов1С\resource\79ac9c34-72e5-45fc-b2f1-751032301d17\main.py
2026-05-23T16:01:31+0300 INFO: Завершение выполнения процесса. C:\Users\Влад\Desktop\Кейс\Kейс2_СозданиеДокументов1С\process\main.json
2026-05-23T16:03:01+0300 INFO: Запуск процесса из студии разработки. C:\Users\Влад\Desktop\Кейс\Kейс2_СозданиеДокументов1С\process\main.json
2026-05-23T16:03:03+0300 INFO: Старт робота: C:\Users\Влад\Desktop\Кейс\Kейс2_СозданиеДокументов1С\resource\75817d1a-dc65-4bb4-9680-c51df029074a\main.py
2026-05-23T16:04:31+0300 ERROR: C:\Users\Влад\Desktop\Кейс\Kейс2_СозданиеДокументов1С\resource\75817d1a-dc65-4bb4-9680-c51df029074a\main.py Ошибка документа № : Произошла ошибка в строке: 181
Описание ошибки: Элемент не найден: XPATH=(//div[@title='Добавить новый элемент (Ins)'])[1]
2026-05-23T16:04:31+0300 INFO: C:\Users\Влад\Desktop\Кейс\Kейс2_СозданиеДокументов1С\resource\75817d1a-dc65-4bb4-9680-c51df029074a\main.py Обработка завершена. Успешно: 0, ошибок: 1
2026-05-23T16:04:37+0300 INFO: Завершение работы робота: C:\Users\Влад\Desktop\Кейс\Kейс2_СозданиеДокументов1С\resource\75817d1a-dc65-4bb4-9680-c51df029074a\main.py
2026-05-23T16:04:37+0300 INFO: Завершение выполнения процесса. C:\Users\Влад\Desktop\Кейс\Kейс2_СозданиеДокументов1С\process\main.json
2026-05-23T16:05:55+0300 INFO: Запуск процесса из студии разработки. C:\Users\Влад\Desktop\Кейс\Kейс2_СозданиеДокументов1С\process\main.json
2026-05-23T16:05:57+0300 INFO: Старт робота: C:\Users\Влад\Desktop\Кейс\Kейс2_СозданиеДокументов1С\resource\6d0d2b03-b6af-4fbd-9a57-e42a8987e7f5\main.py
2026-05-23T16:07:28+0300 ERROR: C:\Users\Влад\Desktop\Кейс\Kейс2_СозданиеДокументов1С\resource\6d0d2b03-b6af-4fbd-9a57-e42a8987e7f5\main.py Ошибка документа № : Произошла ошибка в строке: 190
Описание ошибки: Ошибка загрузки элемента - Провести и закрыть.
 Детали ошибки: Не найден ни один элемент из списка xpaths
2026-05-23T16:07:28+0300 INFO: C:\Users\Влад\Desktop\Кейс\Kейс2_СозданиеДокументов1С\resource\6d0d2b03-b6af-4fbd-9a57-e42a8987e7f5\main.py Обработка завершена. Успешно: 0, ошибок: 1
2026-05-23T16:07:34+0300 INFO: Завершение работы робота: C:\Users\Влад\Desktop\Кейс\Kейс2_СозданиеДокументов1С\resource\6d0d2b03-b6af-4fbd-9a57-e42a8987e7f5\main.py
2026-05-23T16:07:34+0300 INFO: Завершение выполнения процесса. C:\Users\Влад\Desktop\Кейс\Kейс2_СозданиеДокументов1С\process\main.json
2026-05-23T16:09:17+0300 INFO: Запуск процесса из студии разработки. C:\Users\Влад\Desktop\Кейс\Kейс2_СозданиеДокументов1С\process\main.json
2026-05-23T16:09:19+0300 INFO: Старт робота: C:\Users\Влад\Desktop\Кейс\Kейс2_СозданиеДокументов1С\resource\d5292874-2e2b-4193-b49a-8602577a98fc\main.py
2026-05-23T16:10:52+0300 ERROR: C:\Users\Влад\Desktop\Кейс\Kейс2_СозданиеДокументов1С\resource\d5292874-2e2b-4193-b49a-8602577a98fc\main.py Ошибка документа № : Произошла ошибка в строке: 187
Описание ошибки: Ошибка загрузки элемента - Провести и закрыть.
 Детали ошибки: Не найден ни один элемент из списка xpaths
2026-05-23T16:10:52+0300 INFO: C:\Users\Влад\Desktop\Кейс\Kейс2_СозданиеДокументов1С\resource\d5292874-2e2b-4193-b49a-8602577a98fc\main.py Обработка завершена. Успешно: 0, ошибок: 1
2026-05-23T16:10:58+0300 INFO: Завершение работы робота: C:\Users\Влад\Desktop\Кейс\Kейс2_СозданиеДокументов1С\resource\d5292874-2e2b-4193-b49a-8602577a98fc\main.py
2026-05-23T16:10:58+0300 INFO: Завершение выполнения процесса. C:\Users\Влад\Desktop\Кейс\Kейс2_СозданиеДокументов1С\process\main.json
2026-05-23T16:21:15+0300 INFO: Запуск процесса из студии разработки. C:\Users\Влад\Desktop\Кейс\Kейс2_СозданиеДокументов1С\process\main.json
2026-05-23T16:21:18+0300 INFO: Старт робота: C:\Users\Влад\Desktop\Кейс\Kейс2_СозданиеДокументов1С\resource\c2490b03-1c2e-4665-bd9e-e3bbafa2bbe8\main.py
2026-05-23T16:22:51+0300 ERROR: C:\Users\Влад\Desktop\Кейс\Kейс2_СозданиеДокументов1С\resource\c2490b03-1c2e-4665-bd9e-e3bbafa2bbe8\main.py Ошибка документа № : Произошла ошибка в строке: 187
Описание ошибки: Ошибка загрузки элемента - Провести и закрыть.
 Детали ошибки: Не найден ни один элемент из списка xpaths
2026-05-23T16:22:51+0300 INFO: C:\Users\Влад\Desktop\Кейс\Kейс2_СозданиеДокументов1С\resource\c2490b03-1c2e-4665-bd9e-e3bbafa2bbe8\main.py Обработка завершена. Успешно: 0, ошибок: 1
2026-05-23T16:22:57+0300 INFO: Завершение работы робота: C:\Users\Влад\Desktop\Кейс\Kейс2_СозданиеДокументов1С\resource\c2490b03-1c2e-4665-bd9e-e3bbafa2bbe8\main.py
2026-05-23T16:22:57+0300 INFO: Завершение выполнения процесса. C:\Users\Влад\Desktop\Кейс\Kейс2_СозданиеДокументов1С\process\main.json
2026-05-23T16:24:38+0300 INFO: Запуск процесса из студии разработки. C:\Users\Влад\Desktop\Кейс\Kейс2_СозданиеДокументов1С\process\main.json
2026-05-23T16:24:41+0300 INFO: Старт робота: C:\Users\Влад\Desktop\Кейс\Kейс2_СозданиеДокументов1С\resource\c7c728f1-3f0e-4ff4-8277-9c6a7cf377a9\main.py
2026-05-23T16:26:12+0300 INFO: Завершение выполнения процесса. C:\Users\Влад\Desktop\Кейс\Kейс2_СозданиеДокументов1С\process\main.json
2026-05-23T22:30:52+0300 INFO: Запуск процесса из студии разработки. C:\Users\mihaz\Desktop\hackathon-may-2026-main\hackathon-may-2026-main\Temshiki_keys_2_v1\Решение\process\main.json
2026-05-23T22:31:00+0300 INFO: Старт робота: C:\Users\mihaz\Desktop\hackathon-may-2026-main\hackathon-may-2026-main\Temshiki_keys_2_v1\Решение\resource\77149cc9-66d7-497c-94b7-cf0c13e33bd0\main.py
2026-05-23T22:31:00+0300 ERROR: C:\Users\mihaz\Desktop\hackathon-may-2026-main\hackathon-may-2026-main\Temshiki_keys_2_v1\Решение\resource\77149cc9-66d7-497c-94b7-cf0c13e33bd0\main.py Ошибка: Expecting value: line 1 column 1 (char 0)
2026-05-23T22:31:00+0300 Окно выполнения: main: ERROR:  ["Expecting value: line 1 column 1 (char 0)"]
2026-05-23T22:31:06+0300 ERROR: Завершение выполнения процесса. C:\Users\mihaz\Desktop\hackathon-may-2026-main\hackathon-may-2026-main\Temshiki_keys_2_v1\Решение\process\main.json
2026-05-23T22:31:18+0300 INFO: Запуск процесса из студии разработки. C:\Users\mihaz\Desktop\hackathon-may-2026-main\hackathon-may-2026-main\Temshiki_keys_2_v1\Решение\process\main.json
2026-05-23T22:31:24+0300 INFO: Старт робота: C:\Users\mihaz\Desktop\hackathon-may-2026-main\hackathon-may-2026-main\Temshiki_keys_2_v1\Решение\resource\f318b0c9-fe7d-424a-b9dd-3363680cc691\main.py
2026-05-23T22:31:24+0300 ERROR: C:\Users\mihaz\Desktop\hackathon-may-2026-main\hackathon-may-2026-main\Temshiki_keys_2_v1\Решение\resource\f318b0c9-fe7d-424a-b9dd-3363680cc691\main.py Ошибка: Expecting value: line 1 column 1 (char 0)
2026-05-23T22:31:25+0300 Окно выполнения: main: ERROR:  ["Expecting value: line 1 column 1 (char 0)"]
2026-05-23T22:31:31+0300 ERROR: Завершение выполнения процесса. C:\Users\mihaz\Desktop\hackathon-may-2026-main\hackathon-may-2026-main\Temshiki_keys_2_v1\Решение\process\main.json
2026-05-23T22:34:56+0300 INFO: Запуск процесса из студии разработки. C:\Users\mihaz\Desktop\hackathon-may-2026-main\hackathon-may-2026-main\Temshiki_keys_2_v1\Решение\process\main.json
2026-05-23T22:35:03+0300 INFO: Старт робота: C:\Users\mihaz\Desktop\hackathon-may-2026-main\hackathon-may-2026-main\Temshiki_keys_2_v1\Решение\resource\c5486c54-0eab-48b1-b721-56c2b15488c6\main.py
2026-05-23T22:36:59+0300 ERROR: C:\Users\mihaz\Desktop\hackathon-may-2026-main\hackathon-may-2026-main\Temshiki_keys_2_v1\Решение\resource\c5486c54-0eab-48b1-b721-56c2b15488c6\main.py Ошибка документа № : Произошла ошибка в строке: 118
Описание ошибки: The command execution timed out
2026-05-23T22:36:59+0300 ERROR: C:\Users\mihaz\Desktop\hackathon-may-2026-main\hackathon-may-2026-main\Temshiki_keys_2_v1\Решение\resource\c5486c54-0eab-48b1-b721-56c2b15488c6\main.py Ошибка: [Errno 2] No such file or directory: 'C:\\Users\\Влад\\Desktop\\Кейс\\Kейс2_СозданиеДокументов1С\\resource\\result.csv'
2026-05-23T22:37:00+0300 Окно выполнения: main: ERROR:  ["[Errno 2] No such file or directory: 'C:\\\\Users\\\\Влад\\\\Desktop\\\\Кейс\\\\Kейс2_СозданиеДокументов1С\\\\resource\\\\result.csv'"]
2026-05-23T22:37:05+0300 ERROR: Завершение выполнения процесса. C:\Users\mihaz\Desktop\hackathon-may-2026-main\hackathon-may-2026-main\Temshiki_keys_2_v1\Решение\process\main.json
2026-05-23T22:38:31+0300 INFO: Запуск процесса из студии разработки. C:\Users\mihaz\Desktop\hackathon-may-2026-main\hackathon-may-2026-main\Temshiki_keys_2_v1\Решение\process\main.json
2026-05-23T22:38:38+0300 INFO: Старт робота: C:\Users\mihaz\Desktop\hackathon-may-2026-main\hackathon-may-2026-main\Temshiki_keys_2_v1\Решение\resource\61abe0b1-eca7-44ee-a068-df5c0fe4a6fb\main.py
2026-05-23T22:39:56+0300 INFO: C:\Users\mihaz\Desktop\hackathon-may-2026-main\hackathon-may-2026-main\Temshiki_keys_2_v1\Решение\resource\61abe0b1-eca7-44ee-a068-df5c0fe4a6fb\main.py Создан документ № 
2026-05-23T22:39:56+0300 ERROR: C:\Users\mihaz\Desktop\hackathon-may-2026-main\hackathon-may-2026-main\Temshiki_keys_2_v1\Решение\resource\61abe0b1-eca7-44ee-a068-df5c0fe4a6fb\main.py Ошибка документа № : Произошла ошибка в строке: 196
Описание ошибки: [Errno 2] No such file or directory: 'C:\\Users\\Влад\\Desktop\\Кейс\\Kейс2_СозданиеДокументов1С\\resource\\result.csv'
2026-05-23T22:39:56+0300 ERROR: C:\Users\mihaz\Desktop\hackathon-may-2026-main\hackathon-may-2026-main\Temshiki_keys_2_v1\Решение\resource\61abe0b1-eca7-44ee-a068-df5c0fe4a6fb\main.py Ошибка: [Errno 2] No such file or directory: 'C:\\Users\\Влад\\Desktop\\Кейс\\Kейс2_СозданиеДокументов1С\\resource\\result.csv'
2026-05-23T22:39:56+0300 Окно выполнения: main: ERROR:  ["[Errno 2] No such file or directory: 'C:\\\\Users\\\\Влад\\\\Desktop\\\\Кейс\\\\Kейс2_СозданиеДокументов1С\\\\resource\\\\result.csv'"]
2026-05-23T22:39:59+0300 ERROR: Завершение выполнения процесса. C:\Users\mihaz\Desktop\hackathon-may-2026-main\hackathon-may-2026-main\Temshiki_keys_2_v1\Решение\process\main.json
2026-05-23T22:46:45+0300 INFO: Запуск процесса из студии разработки. C:\Users\mihaz\Desktop\hackathon-may-2026-main\hackathon-may-2026-main\Temshiki_keys_2_v1\Решение\process\main.json
2026-05-23T22:46:53+0300 INFO: Старт робота: C:\Users\mihaz\Desktop\hackathon-may-2026-main\hackathon-may-2026-main\Temshiki_keys_2_v1\Решение\resource\0ae8bc01-9337-43fa-8a13-abf027e7dacd\main.py
2026-05-23T22:47:11+0300 ERROR: C:\Users\mihaz\Desktop\hackathon-may-2026-main\hackathon-may-2026-main\Temshiki_keys_2_v1\Решение\resource\0ae8bc01-9337-43fa-8a13-abf027e7dacd\main.py Ошибка: Элемент не найден: XPATH=//input[@id='authWindow_basic_login']
2026-05-23T22:47:11+0300 Окно выполнения: main: ERROR:  ["Элемент не найден: XPATH=//input[@id='authWindow_basic_login']"]
2026-05-23T22:47:20+0300 ERROR: Завершение выполнения процесса. C:\Users\mihaz\Desktop\hackathon-may-2026-main\hackathon-may-2026-main\Temshiki_keys_2_v1\Решение\process\main.json
2026-05-23T22:47:32+0300 INFO: Запуск процесса из студии разработки. C:\Users\mihaz\Desktop\hackathon-may-2026-main\hackathon-may-2026-main\Temshiki_keys_2_v1\Решение\process\main.json
2026-05-23T22:47:39+0300 INFO: Старт робота: C:\Users\mihaz\Desktop\hackathon-may-2026-main\hackathon-may-2026-main\Temshiki_keys_2_v1\Решение\resource\f7b84aaa-3dd8-454c-bd57-d67588f547c9\main.py
2026-05-23T22:49:00+0300 INFO: C:\Users\mihaz\Desktop\hackathon-may-2026-main\hackathon-may-2026-main\Temshiki_keys_2_v1\Решение\resource\f7b84aaa-3dd8-454c-bd57-d67588f547c9\main.py Создан документ № 
2026-05-23T22:49:00+0300 ERROR: C:\Users\mihaz\Desktop\hackathon-may-2026-main\hackathon-may-2026-main\Temshiki_keys_2_v1\Решение\resource\f7b84aaa-3dd8-454c-bd57-d67588f547c9\main.py Ошибка документа № : Произошла ошибка в строке: 202
Описание ошибки: [Errno 2] No such file or directory: 'C:\\Users\\Влад\\Desktop\\Кейс\\Kейс2_СозданиеДокументов1С\\resource\\result.csv'
2026-05-23T22:49:00+0300 ERROR: C:\Users\mihaz\Desktop\hackathon-may-2026-main\hackathon-may-2026-main\Temshiki_keys_2_v1\Решение\resource\f7b84aaa-3dd8-454c-bd57-d67588f547c9\main.py Ошибка: [Errno 2] No such file or directory: 'C:\\Users\\Влад\\Desktop\\Кейс\\Kейс2_СозданиеДокументов1С\\resource\\result.csv'
2026-05-23T22:49:00+0300 Окно выполнения: main: ERROR:  ["[Errno 2] No such file or directory: 'C:\\\\Users\\\\Влад\\\\Desktop\\\\Кейс\\\\Kейс2_СозданиеДокументов1С\\\\resource\\\\result.csv'"]
2026-05-23T22:49:12+0300 ERROR: Завершение выполнения процесса. C:\Users\mihaz\Desktop\hackathon-may-2026-main\hackathon-may-2026-main\Temshiki_keys_2_v1\Решение\process\main.json
2026-05-23T22:52:47+0300 INFO: Запуск процесса из студии разработки. C:\Users\mihaz\Desktop\hackathon-may-2026-main\hackathon-may-2026-main\Temshiki_keys_2_v1\Решение\process\main.json
2026-05-23T22:52:53+0300 INFO: Старт робота: C:\Users\mihaz\Desktop\hackathon-may-2026-main\hackathon-may-2026-main\Temshiki_keys_2_v1\Решение\resource\eab98644-bc99-4edf-a246-041f2e39240e\main.py
2026-05-23T22:54:14+0300 INFO: C:\Users\mihaz\Desktop\hackathon-may-2026-main\hackathon-may-2026-main\Temshiki_keys_2_v1\Решение\resource\eab98644-bc99-4edf-a246-041f2e39240e\main.py Создан документ № 
2026-05-23T22:54:14+0300 ERROR: C:\Users\mihaz\Desktop\hackathon-may-2026-main\hackathon-may-2026-main\Temshiki_keys_2_v1\Решение\resource\eab98644-bc99-4edf-a246-041f2e39240e\main.py Ошибка документа № : Произошла ошибка в строке: 202
Описание ошибки: [Errno 2] No such file or directory: 'C:\\Users\\Влад\\Desktop\\Кейс\\Kейс2_СозданиеДокументов1С\\resource\\result.csv'
2026-05-23T22:54:14+0300 ERROR: C:\Users\mihaz\Desktop\hackathon-may-2026-main\hackathon-may-2026-main\Temshiki_keys_2_v1\Решение\resource\eab98644-bc99-4edf-a246-041f2e39240e\main.py Ошибка: [Errno 2] No such file or directory: 'C:\\Users\\Влад\\Desktop\\Кейс\\Kейс2_СозданиеДокументов1С\\resource\\result.csv'
2026-05-23T22:54:14+0300 Окно выполнения: main: ERROR:  ["[Errno 2] No such file or directory: 'C:\\\\Users\\\\Влад\\\\Desktop\\\\Кейс\\\\Kейс2_СозданиеДокументов1С\\\\resource\\\\result.csv'"]
2026-05-23T22:54:26+0300 ERROR: Завершение выполнения процесса. C:\Users\mihaz\Desktop\hackathon-may-2026-main\hackathon-may-2026-main\Temshiki_keys_2_v1\Решение\process\main.json
2026-05-23T22:55:01+0300 INFO: Запуск процесса из студии разработки. C:\Users\mihaz\Desktop\hackathon-may-2026-main\hackathon-may-2026-main\Temshiki_keys_2_v1\Решение\process\main.json
2026-05-23T22:55:07+0300 INFO: Старт робота: C:\Users\mihaz\Desktop\hackathon-may-2026-main\hackathon-may-2026-main\Temshiki_keys_2_v1\Решение\resource\4294b144-f0ea-4ab8-9220-fd75d6a1c582\main.py
2026-05-23T22:56:28+0300 INFO: C:\Users\mihaz\Desktop\hackathon-may-2026-main\hackathon-may-2026-main\Temshiki_keys_2_v1\Решение\resource\4294b144-f0ea-4ab8-9220-fd75d6a1c582\main.py Создан документ № 
2026-05-23T22:56:28+0300 ERROR: C:\Users\mihaz\Desktop\hackathon-may-2026-main\hackathon-may-2026-main\Temshiki_keys_2_v1\Решение\resource\4294b144-f0ea-4ab8-9220-fd75d6a1c582\main.py Ошибка документа № : Произошла ошибка в строке: 202
Описание ошибки: [Errno 2] No such file or directory: 'C:\\Users\\Влад\\Desktop\\Кейс\\Kейс2_СозданиеДокументов1С\\resource\\result.csv'
2026-05-23T22:56:28+0300 ERROR: C:\Users\mihaz\Desktop\hackathon-may-2026-main\hackathon-may-2026-main\Temshiki_keys_2_v1\Решение\resource\4294b144-f0ea-4ab8-9220-fd75d6a1c582\main.py Ошибка: [Errno 2] No such file or directory: 'C:\\Users\\Влад\\Desktop\\Кейс\\Kейс2_СозданиеДокументов1С\\resource\\result.csv'
2026-05-23T22:56:28+0300 Окно выполнения: main: ERROR:  ["[Errno 2] No such file or directory: 'C:\\\\Users\\\\Влад\\\\Desktop\\\\Кейс\\\\Kейс2_СозданиеДокументов1С\\\\resource\\\\result.csv'"]
2026-05-23T22:56:33+0300 ERROR: Завершение выполнения процесса. C:\Users\mihaz\Desktop\hackathon-may-2026-main\hackathon-may-2026-main\Temshiki_keys_2_v1\Решение\process\main.json
2026-05-23T23:12:45+0300 INFO: Запуск процесса из студии разработки. C:\Users\mihaz\Desktop\hackathon-may-2026-main\hackathon-may-2026-main\Temshiki_keys_2_v1\Решение\process\main.json
2026-05-23T23:12:51+0300 INFO: Старт робота: C:\Users\mihaz\Desktop\hackathon-may-2026-main\hackathon-may-2026-main\Temshiki_keys_2_v1\Решение\resource\76c37345-06f2-4b93-a5e2-a6bee0b7532c\main.py
2026-05-23T23:12:51+0300 ERROR: C:\Users\mihaz\Desktop\hackathon-may-2026-main\hackathon-may-2026-main\Temshiki_keys_2_v1\Решение\resource\76c37345-06f2-4b93-a5e2-a6bee0b7532c\main.py Ошибка: Extra data: line 13 column 4 (char 422)
2026-05-23T23:12:51+0300 Окно выполнения: main: ERROR:  ["Extra data: line 13 column 4 (char 422)"]
2026-05-23T23:12:57+0300 ERROR: Завершение выполнения процесса. C:\Users\mihaz\Desktop\hackathon-may-2026-main\hackathon-may-2026-main\Temshiki_keys_2_v1\Решение\process\main.json
2026-05-23T23:13:10+0300 INFO: Запуск процесса из студии разработки. C:\Users\mihaz\Desktop\hackathon-may-2026-main\hackathon-may-2026-main\Temshiki_keys_2_v1\Решение\process\main.json
2026-05-23T23:13:16+0300 INFO: Старт робота: C:\Users\mihaz\Desktop\hackathon-may-2026-main\hackathon-may-2026-main\Temshiki_keys_2_v1\Решение\resource\16b6da1b-7451-4a0b-a751-d05837117d11\main.py
2026-05-23T23:13:16+0300 ERROR: C:\Users\mihaz\Desktop\hackathon-may-2026-main\hackathon-may-2026-main\Temshiki_keys_2_v1\Решение\resource\16b6da1b-7451-4a0b-a751-d05837117d11\main.py Ошибка: Extra data: line 13 column 4 (char 422)
2026-05-23T23:13:16+0300 Окно выполнения: main: ERROR:  ["Extra data: line 13 column 4 (char 422)"]
2026-05-23T23:13:24+0300 ERROR: Завершение выполнения процесса. C:\Users\mihaz\Desktop\hackathon-may-2026-main\hackathon-may-2026-main\Temshiki_keys_2_v1\Решение\process\main.json
2026-05-23T23:14:34+0300 INFO: Запуск процесса из студии разработки. C:\Users\mihaz\Desktop\hackathon-may-2026-main\hackathon-may-2026-main\Temshiki_keys_2_v1\Решение\process\main.json
2026-05-23T23:14:39+0300 INFO: Старт робота: C:\Users\mihaz\Desktop\hackathon-may-2026-main\hackathon-may-2026-main\Temshiki_keys_2_v1\Решение\resource\42a4262c-af66-41e6-9b08-d3525aae74b7\main.py
2026-05-23T23:14:39+0300 ERROR: C:\Users\mihaz\Desktop\hackathon-may-2026-main\hackathon-may-2026-main\Temshiki_keys_2_v1\Решение\resource\42a4262c-af66-41e6-9b08-d3525aae74b7\main.py Ошибка: Extra data: line 12 column 4 (char 421)
2026-05-23T23:14:39+0300 Окно выполнения: main: ERROR:  ["Extra data: line 12 column 4 (char 421)"]
2026-05-23T23:14:43+0300 ERROR: Завершение выполнения процесса. C:\Users\mihaz\Desktop\hackathon-may-2026-main\hackathon-may-2026-main\Temshiki_keys_2_v1\Решение\process\main.json
2026-05-23T23:16:07+0300 INFO: Запуск процесса из студии разработки. C:\Users\mihaz\Desktop\hackathon-may-2026-main\hackathon-may-2026-main\Temshiki_keys_2_v1\Решение\process\main.json
2026-05-23T23:16:13+0300 INFO: Старт робота: C:\Users\mihaz\Desktop\hackathon-may-2026-main\hackathon-may-2026-main\Temshiki_keys_2_v1\Решение\resource\866dda0a-9bae-4419-b1e2-176bea69b86e\main.py
2026-05-23T23:17:40+0300 INFO: C:\Users\mihaz\Desktop\hackathon-may-2026-main\hackathon-may-2026-main\Temshiki_keys_2_v1\Решение\resource\866dda0a-9bae-4419-b1e2-176bea69b86e\main.py Создан документ № 
2026-05-23T23:17:40+0300 ERROR: C:\Users\mihaz\Desktop\hackathon-may-2026-main\hackathon-may-2026-main\Temshiki_keys_2_v1\Решение\resource\866dda0a-9bae-4419-b1e2-176bea69b86e\main.py Ошибка документа № : Произошла ошибка в строке: 202
Описание ошибки: [Errno 2] No such file or directory: 'C:\\Users\\Влад\\Desktop\\Кейс\\Kейс2_СозданиеДокументов1С\\resource\\result.csv'
2026-05-23T23:17:40+0300 ERROR: C:\Users\mihaz\Desktop\hackathon-may-2026-main\hackathon-may-2026-main\Temshiki_keys_2_v1\Решение\resource\866dda0a-9bae-4419-b1e2-176bea69b86e\main.py Ошибка: [Errno 2] No such file or directory: 'C:\\Users\\Влад\\Desktop\\Кейс\\Kейс2_СозданиеДокументов1С\\resource\\result.csv'
2026-05-23T23:17:40+0300 Окно выполнения: main: ERROR:  ["[Errno 2] No such file or directory: 'C:\\\\Users\\\\Влад\\\\Desktop\\\\Кейс\\\\Kейс2_СозданиеДокументов1С\\\\resource\\\\result.csv'"]
2026-05-23T23:18:12+0300 ERROR: Завершение выполнения процесса. C:\Users\mihaz\Desktop\hackathon-may-2026-main\hackathon-may-2026-main\Temshiki_keys_2_v1\Решение\process\main.json
2026-05-23T23:18:50+0300 INFO: Запуск процесса из студии разработки. C:\Users\mihaz\Desktop\hackathon-may-2026-main\hackathon-may-2026-main\Temshiki_keys_2_v1\Решение\process\main.json
2026-05-23T23:18:57+0300 INFO: Старт робота: C:\Users\mihaz\Desktop\hackathon-may-2026-main\hackathon-may-2026-main\Temshiki_keys_2_v1\Решение\resource\e9e64bfc-66dc-4825-a3a9-fd9dd4b4534f\main.py
2026-05-23T23:20:23+0300 INFO: C:\Users\mihaz\Desktop\hackathon-may-2026-main\hackathon-may-2026-main\Temshiki_keys_2_v1\Решение\resource\e9e64bfc-66dc-4825-a3a9-fd9dd4b4534f\main.py Создан документ № 
2026-05-23T23:21:10+0300 INFO: Завершение выполнения процесса. C:\Users\mihaz\Desktop\hackathon-may-2026-main\hackathon-may-2026-main\Temshiki_keys_2_v1\Решение\process\main.json
2026-05-23T23:21:14+0300 INFO: Запуск процесса из студии разработки. C:\Users\mihaz\Desktop\hackathon-may-2026-main\hackathon-may-2026-main\Temshiki_keys_2_v1\Решение\process\main.json
2026-05-23T23:21:19+0300 INFO: Старт робота: C:\Users\mihaz\Desktop\hackathon-may-2026-main\hackathon-may-2026-main\Temshiki_keys_2_v1\Решение\resource\600d0d9a-4441-461b-a52a-f5fa7949bc55\main.py
2026-05-23T23:22:47+0300 INFO: C:\Users\mihaz\Desktop\hackathon-may-2026-main\hackathon-may-2026-main\Temshiki_keys_2_v1\Решение\resource\600d0d9a-4441-461b-a52a-f5fa7949bc55\main.py Создан документ № 
2026-05-23T23:23:49+0300 ERROR: C:\Users\mihaz\Desktop\hackathon-may-2026-main\hackathon-may-2026-main\Temshiki_keys_2_v1\Решение\resource\600d0d9a-4441-461b-a52a-f5fa7949bc55\main.py Ошибка документа № : Произошла ошибка в строке: 130
Описание ошибки: The element is not visible
2026-05-23T23:24:46+0300 ERROR: C:\Users\mihaz\Desktop\hackathon-may-2026-main\hackathon-may-2026-main\Temshiki_keys_2_v1\Решение\resource\600d0d9a-4441-461b-a52a-f5fa7949bc55\main.py Ошибка документа № : Произошла ошибка в строке: 130
Описание ошибки: The element is not visible
2026-05-23T23:24:46+0300 INFO: C:\Users\mihaz\Desktop\hackathon-may-2026-main\hackathon-may-2026-main\Temshiki_keys_2_v1\Решение\resource\600d0d9a-4441-461b-a52a-f5fa7949bc55\main.py Обработка завершена. Успешно: 1, ошибок: 2
2026-05-23T23:24:52+0300 INFO: Завершение работы робота: C:\Users\mihaz\Desktop\hackathon-may-2026-main\hackathon-may-2026-main\Temshiki_keys_2_v1\Решение\resource\600d0d9a-4441-461b-a52a-f5fa7949bc55\main.py
2026-05-23T23:24:52+0300 INFO: Завершение выполнения процесса. C:\Users\mihaz\Desktop\hackathon-may-2026-main\hackathon-may-2026-main\Temshiki_keys_2_v1\Решение\process\main.json
2026-05-24T00:03:07+0300 INFO: Запуск процесса из студии разработки. C:\Users\mihaz\Desktop\hackathon-may-2026-main\hackathon-may-2026-main\Temshiki_keys_2_v1\Решение\process\main.json
2026-05-24T00:07:04+0300 INFO: Завершение выполнения процесса. C:\Users\mihaz\Desktop\hackathon-may-2026-main\hackathon-may-2026-main\Temshiki_keys_2_v1\Решение\process\main.json
2026-05-24T00:07:29+0300 INFO: Запуск процесса из студии разработки. C:\Users\mihaz\Desktop\hackathon-may-2026-main\hackathon-may-2026-main\Temshiki_keys_2_v1\Решение\process\main.json
2026-05-24T00:11:08+0300 INFO: Завершение выполнения процесса. C:\Users\mihaz\Desktop\hackathon-may-2026-main\hackathon-may-2026-main\Temshiki_keys_2_v1\Решение\process\main.json
2026-05-24T00:52:46+0300 INFO: Запуск процесса из студии разработки. C:\Users\mihaz\Desktop\hackathon-may-2026-main\hackathon-may-2026-main\Temshiki_keys_2_v1\Решение\process\main.json
2026-05-24T00:55:41+0300 INFO: Завершение выполнения процесса. C:\Users\mihaz\Desktop\hackathon-may-2026-main\hackathon-may-2026-main\Temshiki_keys_2_v1\Решение\process\main.json
2026-05-24T00:57:34+0300 INFO: Запуск процесса из студии разработки. C:\Users\mihaz\Desktop\hackathon-may-2026-main\hackathon-may-2026-main\Temshiki_keys_2_v1\Решение\process\main.json
2026-05-24T01:01:35+0300 INFO: Завершение выполнения процесса. C:\Users\mihaz\Desktop\hackathon-may-2026-main\hackathon-may-2026-main\Temshiki_keys_2_v1\Решение\process\main.json
2026-05-24T01:22:54+0300 INFO: Запуск процесса из студии разработки. C:\Users\mihaz\Desktop\hackathon-may-2026-main\hackathon-may-2026-main\Temshiki_keys_2_v1\Решение\process\Процесс 1.json
2026-05-24T01:22:57+0300 Окно выполнения: Процесс 1: ERROR:  ["stderr:","C:\\Program Files\\Python311\\python.exe: can't open file 'C:\\\\Program Files\\\\PuzzleRPA\\\\3.0.3\\\\Studio\\\\Процесс 1': [Errno 2] No such file or directory\r\n"]
2026-05-24T01:22:58+0300 ERROR: Завершение выполнения процесса. C:\Users\mihaz\Desktop\hackathon-may-2026-main\hackathon-may-2026-main\Temshiki_keys_2_v1\Решение\process\Процесс 1.json
2026-05-24T01:23:02+0300 INFO: Запуск процесса из студии разработки. C:\Users\mihaz\Desktop\hackathon-may-2026-main\hackathon-may-2026-main\Temshiki_keys_2_v1\Решение\process\Процесс 1.json
2026-05-24T01:23:04+0300 Окно выполнения: Процесс 1: ERROR:  ["stderr:","C:\\Program Files\\Python311\\python.exe: can't open file 'C:\\\\Program Files\\\\PuzzleRPA\\\\3.0.3\\\\Studio\\\\Процесс 1': [Errno 2] No such file or directory\r\n"]
2026-05-24T01:23:05+0300 ERROR: Завершение выполнения процесса. C:\Users\mihaz\Desktop\hackathon-may-2026-main\hackathon-may-2026-main\Temshiki_keys_2_v1\Решение\process\Процесс 1.json
2026-05-24T01:30:01+0300 INFO: Запуск процесса из студии разработки. C:\Users\mihaz\Desktop\hackathon-may-2026-main\hackathon-may-2026-main\Temshiki_keys_2_v1\Решение\process\main.json
2026-05-24T01:31:03+0300 INFO: Завершение выполнения процесса. C:\Users\mihaz\Desktop\hackathon-may-2026-main\hackathon-may-2026-main\Temshiki_keys_2_v1\Решение\process\main.json
2026-05-24T01:42:43+0300 INFO: Запуск процесса из студии разработки. C:\Users\mihaz\Desktop\hackathon-may-2026-main\hackathon-may-2026-main\Temshiki_keys_2_v1\Решение\process\main.json
2026-05-24T01:44:27+0300 ERROR: Завершение выполнения процесса. C:\Users\mihaz\Desktop\hackathon-may-2026-main\hackathon-may-2026-main\Temshiki_keys_2_v1\Решение\process\main.json
2026-05-24T02:02:36+0300 INFO: Запуск процесса из студии разработки. C:\Users\mihaz\Desktop\hackathon-may-2026-main\hackathon-may-2026-main\Temshiki_keys_2_v1\Решение\process\main.json
2026-05-24T02:03:18+0300 INFO: Завершение выполнения процесса. C:\Users\mihaz\Desktop\hackathon-may-2026-main\hackathon-may-2026-main\Temshiki_keys_2_v1\Решение\process\main.json
2026-05-24T02:03:21+0300 INFO: Запуск процесса из студии разработки. C:\Users\mihaz\Desktop\hackathon-may-2026-main\hackathon-may-2026-main\Temshiki_keys_2_v1\Решение\process\main.json
2026-05-24T02:05:50+0300 INFO: Завершение выполнения процесса. C:\Users\mihaz\Desktop\hackathon-may-2026-main\hackathon-may-2026-main\Temshiki_keys_2_v1\Решение\process\main.json
2026-05-24T02:22:10+0300 INFO: Запуск процесса из студии разработки. C:\Users\mihaz\Desktop\hackathon-may-2026-main\hackathon-may-2026-main\Temshiki_keys_2_v1\Решение\process\main.json
2026-05-24T02:22:46+0300 Окно выполнения: main: ERROR:  ["Элемент не найден: XPATH=//input[@id='authWindow_basic_login']"]
2026-05-24T02:22:51+0300 ERROR: Завершение выполнения процесса. C:\Users\mihaz\Desktop\hackathon-may-2026-main\hackathon-may-2026-main\Temshiki_keys_2_v1\Решение\process\main.json
2026-05-24T02:23:01+0300 INFO: Запуск процесса из студии разработки. C:\Users\mihaz\Desktop\hackathon-may-2026-main\hackathon-may-2026-main\Temshiki_keys_2_v1\Решение\process\main.json
2026-05-24T02:24:35+0300 INFO: Завершение выполнения процесса. C:\Users\mihaz\Desktop\hackathon-may-2026-main\hackathon-may-2026-main\Temshiki_keys_2_v1\Решение\process\main.json
2026-05-24T02:39:10+0300 INFO: Запуск процесса из студии разработки. C:\Users\mihaz\Desktop\hackathon-may-2026-main\hackathon-may-2026-main\Temshiki_keys_2_v1\Решение\process\main.json
2026-05-24T02:42:23+0300 INFO: Завершение выполнения процесса. C:\Users\mihaz\Desktop\hackathon-may-2026-main\hackathon-may-2026-main\Temshiki_keys_2_v1\Решение\process\main.json
