2026-05-24T00:03:31+0300 INFO: Старт робота: C:\Users\mihaz\Desktop\hackathon-may-2026-main\hackathon-may-2026-main\Temshiki_keys_2_v1\Решение\resource\3e8c07e6-227c-4d82-a0aa-48affc93ac03\main.py
2026-05-24T00:04:58+0300 INFO: C:\Users\mihaz\Desktop\hackathon-may-2026-main\hackathon-may-2026-main\Temshiki_keys_2_v1\Решение\resource\3e8c07e6-227c-4d82-a0aa-48affc93ac03\main.py Создан документ № 
2026-05-24T00:06:01+0300 ERROR: C:\Users\mihaz\Desktop\hackathon-may-2026-main\hackathon-may-2026-main\Temshiki_keys_2_v1\Решение\resource\3e8c07e6-227c-4d82-a0aa-48affc93ac03\main.py Ошибка документа № : Произошла ошибка в строке: 130
Описание ошибки: The element is not visible
2026-05-24T00:06:58+0300 ERROR: C:\Users\mihaz\Desktop\hackathon-may-2026-main\hackathon-may-2026-main\Temshiki_keys_2_v1\Решение\resource\3e8c07e6-227c-4d82-a0aa-48affc93ac03\main.py Ошибка документа № : Произошла ошибка в строке: 130
Описание ошибки: The element is not visible
2026-05-24T00:06:58+0300 INFO: C:\Users\mihaz\Desktop\hackathon-may-2026-main\hackathon-may-2026-main\Temshiki_keys_2_v1\Решение\resource\3e8c07e6-227c-4d82-a0aa-48affc93ac03\main.py Обработка завершена. Успешно: 1, ошибок: 2
2026-05-24T00:07:04+0300 INFO: Завершение работы робота: C:\Users\mihaz\Desktop\hackathon-may-2026-main\hackathon-may-2026-main\Temshiki_keys_2_v1\Решение\resource\3e8c07e6-227c-4d82-a0aa-48affc93ac03\main.py
2026-05-24T00:07:36+0300 INFO: Старт робота: C:\Users\mihaz\Desktop\hackathon-may-2026-main\hackathon-may-2026-main\Temshiki_keys_2_v1\Решение\resource\6b1efdcd-c286-447f-b861-a961a7ba269e\main.py
2026-05-24T00:09:02+0300 INFO: C:\Users\mihaz\Desktop\hackathon-may-2026-main\hackathon-may-2026-main\Temshiki_keys_2_v1\Решение\resource\6b1efdcd-c286-447f-b861-a961a7ba269e\main.py Создан документ № 
2026-05-24T00:10:05+0300 ERROR: C:\Users\mihaz\Desktop\hackathon-may-2026-main\hackathon-may-2026-main\Temshiki_keys_2_v1\Решение\resource\6b1efdcd-c286-447f-b861-a961a7ba269e\main.py Ошибка документа № : Произошла ошибка в строке: 130
Описание ошибки: The element is not visible
2026-05-24T00:11:01+0300 ERROR: C:\Users\mihaz\Desktop\hackathon-may-2026-main\hackathon-may-2026-main\Temshiki_keys_2_v1\Решение\resource\6b1efdcd-c286-447f-b861-a961a7ba269e\main.py Ошибка документа № : Произошла ошибка в строке: 130
Описание ошибки: The element is not visible
2026-05-24T00:11:01+0300 INFO: C:\Users\mihaz\Desktop\hackathon-may-2026-main\hackathon-may-2026-main\Temshiki_keys_2_v1\Решение\resource\6b1efdcd-c286-447f-b861-a961a7ba269e\main.py Обработка завершена. Успешно: 1, ошибок: 2
2026-05-24T00:11:07+0300 INFO: Завершение работы робота: C:\Users\mihaz\Desktop\hackathon-may-2026-main\hackathon-may-2026-main\Temshiki_keys_2_v1\Решение\resource\6b1efdcd-c286-447f-b861-a961a7ba269e\main.py
2026-05-24T00:52:53+0300 INFO: Старт робота: C:\Users\mihaz\Desktop\hackathon-may-2026-main\hackathon-may-2026-main\Temshiki_keys_2_v1\Решение\resource\9677070d-e110-40d1-8138-ac37b3459565\main.py
2026-05-24T00:54:21+0300 INFO: C:\Users\mihaz\Desktop\hackathon-may-2026-main\hackathon-may-2026-main\Temshiki_keys_2_v1\Решение\resource\9677070d-e110-40d1-8138-ac37b3459565\main.py Создан документ № 
2026-05-24T00:55:29+0300 ERROR: C:\Users\mihaz\Desktop\hackathon-may-2026-main\hackathon-may-2026-main\Temshiki_keys_2_v1\Решение\resource\9677070d-e110-40d1-8138-ac37b3459565\main.py Ошибка документа № : Произошла ошибка в строке: 175
Описание ошибки: The element is not visible
2026-05-24T00:57:42+0300 INFO: Старт робота: C:\Users\mihaz\Desktop\hackathon-may-2026-main\hackathon-may-2026-main\Temshiki_keys_2_v1\Решение\resource\d21e69db-c8bb-444e-b634-070db24f832a\main.py
2026-05-24T00:59:08+0300 INFO: C:\Users\mihaz\Desktop\hackathon-may-2026-main\hackathon-may-2026-main\Temshiki_keys_2_v1\Решение\resource\d21e69db-c8bb-444e-b634-070db24f832a\main.py Создан документ № 
2026-05-24T01:00:22+0300 INFO: C:\Users\mihaz\Desktop\hackathon-may-2026-main\hackathon-may-2026-main\Temshiki_keys_2_v1\Решение\resource\d21e69db-c8bb-444e-b634-070db24f832a\main.py Создан документ № 
2026-05-24T01:01:30+0300 ERROR: C:\Users\mihaz\Desktop\hackathon-may-2026-main\hackathon-may-2026-main\Temshiki_keys_2_v1\Решение\resource\d21e69db-c8bb-444e-b634-070db24f832a\main.py Ошибка документа № : Произошла ошибка в строке: 148
Описание ошибки: The element is not visible
2026-05-24T01:01:30+0300 INFO: C:\Users\mihaz\Desktop\hackathon-may-2026-main\hackathon-may-2026-main\Temshiki_keys_2_v1\Решение\resource\d21e69db-c8bb-444e-b634-070db24f832a\main.py Обработка завершена. Успешно: 2, ошибок: 1
2026-05-24T01:30:22+0300 INFO: Старт робота: C:\Users\mihaz\Desktop\hackathon-may-2026-main\hackathon-may-2026-main\Temshiki_keys_2_v1\Решение\resource\681b0673-b08c-46fb-aa6c-5ea1e95d03c0\main.py
2026-05-24T01:42:51+0300 INFO: Старт робота: C:\Users\mihaz\Desktop\hackathon-may-2026-main\hackathon-may-2026-main\Temshiki_keys_2_v1\Решение\resource\843ee4a2-01b7-4293-9bf9-38019b71ee34\main.py
2026-05-24T01:43:41+0300 ERROR: C:\Users\mihaz\Desktop\hackathon-may-2026-main\hackathon-may-2026-main\Temshiki_keys_2_v1\Решение\resource\843ee4a2-01b7-4293-9bf9-38019b71ee34\main.py Ошибка документа № : Произошла ошибка в строке: 118
Описание ошибки: Невозможно найти кнопку: 'Продажи'
2026-05-24T02:02:47+0300 INFO: Старт робота: C:\Users\mihaz\Desktop\hackathon-may-2026-main\hackathon-may-2026-main\Temshiki_keys_2_v1\Решение\resource\9c9078b0-15ab-40c0-bb06-6980ccf6041f\main.py
2026-05-24T02:03:30+0300 INFO: Старт робота: C:\Users\mihaz\Desktop\hackathon-may-2026-main\hackathon-may-2026-main\Temshiki_keys_2_v1\Решение\resource\0e62e670-902e-42e0-a3b8-e11c8d334774\main.py
2026-05-24T02:04:45+0300 ERROR: C:\Users\mihaz\Desktop\hackathon-may-2026-main\hackathon-may-2026-main\Temshiki_keys_2_v1\Решение\resource\0e62e670-902e-42e0-a3b8-e11c8d334774\main.py Ошибка документа № : Произошла ошибка в строке: 198
Описание ошибки: 'result'
2026-05-24T02:05:42+0300 ERROR: C:\Users\mihaz\Desktop\hackathon-may-2026-main\hackathon-may-2026-main\Temshiki_keys_2_v1\Решение\resource\0e62e670-902e-42e0-a3b8-e11c8d334774\main.py Ошибка документа № : Произошла ошибка в строке: 198
Описание ошибки: 'result'
2026-05-24T02:22:25+0300 INFO: Старт робота: C:\Users\mihaz\Desktop\hackathon-may-2026-main\hackathon-may-2026-main\Temshiki_keys_2_v1\Решение\resource\f9f11c16-197d-4dc6-8321-9875bb3eab61\main.py
2026-05-24T02:22:46+0300 ERROR: C:\Users\mihaz\Desktop\hackathon-may-2026-main\hackathon-may-2026-main\Temshiki_keys_2_v1\Решение\resource\f9f11c16-197d-4dc6-8321-9875bb3eab61\main.py Ошибка: Элемент не найден: XPATH=//input[@id='authWindow_basic_login']
2026-05-24T02:23:20+0300 INFO: Старт робота: C:\Users\mihaz\Desktop\hackathon-may-2026-main\hackathon-may-2026-main\Temshiki_keys_2_v1\Решение\resource\b163783a-9402-4dfa-9f08-3652f2cfcd16\main.py
2026-05-24T02:39:17+0300 INFO: Старт робота: C:\Users\mihaz\Desktop\hackathon-may-2026-main\hackathon-may-2026-main\Temshiki_keys_2_v1\Решение\resource\27c2d20c-a80e-47ce-8c96-f8e17d7a2a47\main.py
2026-05-24T02:40:32+0300 ERROR: C:\Users\mihaz\Desktop\hackathon-may-2026-main\hackathon-may-2026-main\Temshiki_keys_2_v1\Решение\resource\27c2d20c-a80e-47ce-8c96-f8e17d7a2a47\main.py Ошибка документа № : Произошла ошибка в строке: 199
Описание ошибки: 'result'
2026-05-24T02:41:29+0300 ERROR: C:\Users\mihaz\Desktop\hackathon-may-2026-main\hackathon-may-2026-main\Temshiki_keys_2_v1\Решение\resource\27c2d20c-a80e-47ce-8c96-f8e17d7a2a47\main.py Ошибка документа № : Произошла ошибка в строке: 199
Описание ошибки: 'result'
2026-05-24T02:42:17+0300 ERROR: C:\Users\mihaz\Desktop\hackathon-may-2026-main\hackathon-may-2026-main\Temshiki_keys_2_v1\Решение\resource\27c2d20c-a80e-47ce-8c96-f8e17d7a2a47\main.py Ошибка документа № : Произошла ошибка в строке: 149
Описание ошибки: The element is not visible
2026-05-24T02:42:17+0300 INFO: C:\Users\mihaz\Desktop\hackathon-may-2026-main\hackathon-may-2026-main\Temshiki_keys_2_v1\Решение\resource\27c2d20c-a80e-47ce-8c96-f8e17d7a2a47\main.py Обработка завершена. Успешно: 0, ошибок: 3
2026-05-24T02:42:22+0300 INFO: Завершение работы робота: C:\Users\mihaz\Desktop\hackathon-may-2026-main\hackathon-may-2026-main\Temshiki_keys_2_v1\Решение\resource\27c2d20c-a80e-47ce-8c96-f8e17d7a2a47\main.py
2026-05-24T03:20:34+0300 INFO: Запуск процесса из студии разработки. C:\Users\mihaz\Desktop\hackathon-may-2026-main\hackathon-may-2026-main\Temshiki_keys_2_v1\Решение\process\main.json
2026-05-24T03:20:40+0300 INFO: Старт робота: C:\Users\mihaz\Desktop\hackathon-may-2026-main\hackathon-may-2026-main\Temshiki_keys_2_v1\Решение\resource\656ef29c-87dc-4d86-9bd7-e0b8c8e8fdc1\main.py
2026-05-24T03:21:31+0300 ERROR: C:\Users\mihaz\Desktop\hackathon-may-2026-main\hackathon-may-2026-main\Temshiki_keys_2_v1\Решение\resource\656ef29c-87dc-4d86-9bd7-e0b8c8e8fdc1\main.py Ошибка документа № : Произошла ошибка в строке: 139
Описание ошибки: 'result'
2026-05-24T03:22:14+0300 ERROR: C:\Users\mihaz\Desktop\hackathon-may-2026-main\hackathon-may-2026-main\Temshiki_keys_2_v1\Решение\resource\656ef29c-87dc-4d86-9bd7-e0b8c8e8fdc1\main.py Ошибка документа № : Произошла ошибка в строке: 139
Описание ошибки: 'result'
2026-05-24T03:22:56+0300 ERROR: C:\Users\mihaz\Desktop\hackathon-may-2026-main\hackathon-may-2026-main\Temshiki_keys_2_v1\Решение\resource\656ef29c-87dc-4d86-9bd7-e0b8c8e8fdc1\main.py Ошибка документа № : Произошла ошибка в строке: 139
Описание ошибки: 'result'
2026-05-24T03:22:56+0300 INFO: C:\Users\mihaz\Desktop\hackathon-may-2026-main\hackathon-may-2026-main\Temshiki_keys_2_v1\Решение\resource\656ef29c-87dc-4d86-9bd7-e0b8c8e8fdc1\main.py Обработка завершена. Успешно: 0, ошибок: 3
2026-05-24T03:23:01+0300 INFO: Завершение работы робота: C:\Users\mihaz\Desktop\hackathon-may-2026-main\hackathon-may-2026-main\Temshiki_keys_2_v1\Решение\resource\656ef29c-87dc-4d86-9bd7-e0b8c8e8fdc1\main.py
2026-05-24T03:23:01+0300 INFO: Завершение выполнения процесса. C:\Users\mihaz\Desktop\hackathon-may-2026-main\hackathon-may-2026-main\Temshiki_keys_2_v1\Решение\process\main.json
2026-05-24T03:34:36+0300 INFO: Запуск процесса из студии разработки. C:\Users\mihaz\Desktop\hackathon-may-2026-main\hackathon-may-2026-main\Temshiki_keys_2_v1\Решение\process\main.json
2026-05-24T03:34:42+0300 INFO: Старт робота: C:\Users\mihaz\Desktop\hackathon-may-2026-main\hackathon-may-2026-main\Temshiki_keys_2_v1\Решение\resource\da6b76f4-ff49-4f41-a46a-6c752d4d3486\main.py
2026-05-24T03:35:55+0300 ERROR: C:\Users\mihaz\Desktop\hackathon-may-2026-main\hackathon-may-2026-main\Temshiki_keys_2_v1\Решение\resource\da6b76f4-ff49-4f41-a46a-6c752d4d3486\main.py Ошибка документа № : Произошла ошибка в строке: 218
Описание ошибки: 'result'
2026-05-24T03:36:52+0300 ERROR: C:\Users\mihaz\Desktop\hackathon-may-2026-main\hackathon-may-2026-main\Temshiki_keys_2_v1\Решение\resource\da6b76f4-ff49-4f41-a46a-6c752d4d3486\main.py Ошибка документа № : Произошла ошибка в строке: 218
Описание ошибки: 'result'
2026-05-24T03:37:40+0300 ERROR: C:\Users\mihaz\Desktop\hackathon-may-2026-main\hackathon-may-2026-main\Temshiki_keys_2_v1\Решение\resource\da6b76f4-ff49-4f41-a46a-6c752d4d3486\main.py Ошибка документа № : Произошла ошибка в строке: 168
Описание ошибки: The element is not visible
2026-05-24T03:37:40+0300 INFO: C:\Users\mihaz\Desktop\hackathon-may-2026-main\hackathon-may-2026-main\Temshiki_keys_2_v1\Решение\resource\da6b76f4-ff49-4f41-a46a-6c752d4d3486\main.py Обработка завершена. Успешно: 0, ошибок: 3
2026-05-24T03:37:45+0300 INFO: Завершение работы робота: C:\Users\mihaz\Desktop\hackathon-may-2026-main\hackathon-may-2026-main\Temshiki_keys_2_v1\Решение\resource\da6b76f4-ff49-4f41-a46a-6c752d4d3486\main.py
2026-05-24T03:37:45+0300 INFO: Завершение выполнения процесса. C:\Users\mihaz\Desktop\hackathon-may-2026-main\hackathon-may-2026-main\Temshiki_keys_2_v1\Решение\process\main.json
2026-05-24T03:48:18+0300 INFO: Запуск процесса из студии разработки. C:\Users\mihaz\Desktop\hackathon-may-2026-main\hackathon-may-2026-main\Temshiki_keys_2_v1\Решение\process\main.json
2026-05-24T03:48:26+0300 INFO: Старт робота: C:\Users\mihaz\Desktop\hackathon-may-2026-main\hackathon-may-2026-main\Temshiki_keys_2_v1\Решение\resource\d185fa72-0420-4630-975d-b14ec11fd3ed\main.py
2026-05-24T03:49:39+0300 INFO: C:\Users\mihaz\Desktop\hackathon-may-2026-main\hackathon-may-2026-main\Temshiki_keys_2_v1\Решение\resource\d185fa72-0420-4630-975d-b14ec11fd3ed\main.py Создан документ № 
2026-05-24T03:49:39+0300 ERROR: C:\Users\mihaz\Desktop\hackathon-may-2026-main\hackathon-may-2026-main\Temshiki_keys_2_v1\Решение\resource\d185fa72-0420-4630-975d-b14ec11fd3ed\main.py Ошибка документа № : Произошла ошибка в строке: 248
Описание ошибки: name 'numbet' is not defined
2026-05-24T03:50:37+0300 INFO: C:\Users\mihaz\Desktop\hackathon-may-2026-main\hackathon-may-2026-main\Temshiki_keys_2_v1\Решение\resource\d185fa72-0420-4630-975d-b14ec11fd3ed\main.py Создан документ № 
2026-05-24T03:50:37+0300 ERROR: C:\Users\mihaz\Desktop\hackathon-may-2026-main\hackathon-may-2026-main\Temshiki_keys_2_v1\Решение\resource\d185fa72-0420-4630-975d-b14ec11fd3ed\main.py Ошибка документа № : Произошла ошибка в строке: 248
Описание ошибки: name 'numbet' is not defined
2026-05-24T03:51:25+0300 ERROR: C:\Users\mihaz\Desktop\hackathon-may-2026-main\hackathon-may-2026-main\Temshiki_keys_2_v1\Решение\resource\d185fa72-0420-4630-975d-b14ec11fd3ed\main.py Ошибка документа № : Произошла ошибка в строке: 168
Описание ошибки: The element is not visible
2026-05-24T03:51:25+0300 INFO: C:\Users\mihaz\Desktop\hackathon-may-2026-main\hackathon-may-2026-main\Temshiki_keys_2_v1\Решение\resource\d185fa72-0420-4630-975d-b14ec11fd3ed\main.py Обработка завершена. Успешно: 2, ошибок: 3
2026-05-24T03:51:30+0300 INFO: Завершение работы робота: C:\Users\mihaz\Desktop\hackathon-may-2026-main\hackathon-may-2026-main\Temshiki_keys_2_v1\Решение\resource\d185fa72-0420-4630-975d-b14ec11fd3ed\main.py
2026-05-24T03:51:30+0300 INFO: Завершение выполнения процесса. C:\Users\mihaz\Desktop\hackathon-may-2026-main\hackathon-may-2026-main\Temshiki_keys_2_v1\Решение\process\main.json
2026-05-24T03:57:59+0300 INFO: Запуск процесса из студии разработки. C:\Users\mihaz\Desktop\hackathon-may-2026-main\hackathon-may-2026-main\Temshiki_keys_2_v1\Решение\process\main.json
2026-05-24T03:58:07+0300 INFO: Старт робота: C:\Users\mihaz\Desktop\hackathon-may-2026-main\hackathon-may-2026-main\Temshiki_keys_2_v1\Решение\resource\18c1e008-f5cb-4e1d-9835-d5d86fd1853b\main.py
2026-05-24T03:59:21+0300 INFO: C:\Users\mihaz\Desktop\hackathon-may-2026-main\hackathon-may-2026-main\Temshiki_keys_2_v1\Решение\resource\18c1e008-f5cb-4e1d-9835-d5d86fd1853b\main.py Создан документ № 
2026-05-24T04:00:19+0300 INFO: C:\Users\mihaz\Desktop\hackathon-may-2026-main\hackathon-may-2026-main\Temshiki_keys_2_v1\Решение\resource\18c1e008-f5cb-4e1d-9835-d5d86fd1853b\main.py Создан документ № 
2026-05-24T04:01:08+0300 ERROR: C:\Users\mihaz\Desktop\hackathon-may-2026-main\hackathon-may-2026-main\Temshiki_keys_2_v1\Решение\resource\18c1e008-f5cb-4e1d-9835-d5d86fd1853b\main.py Ошибка документа № : Произошла ошибка в строке: 168
Описание ошибки: The element is not visible
2026-05-24T04:01:08+0300 INFO: C:\Users\mihaz\Desktop\hackathon-may-2026-main\hackathon-may-2026-main\Temshiki_keys_2_v1\Решение\resource\18c1e008-f5cb-4e1d-9835-d5d86fd1853b\main.py Обработка завершена. Успешно: 2, ошибок: 1
2026-05-24T04:01:13+0300 INFO: Завершение работы робота: C:\Users\mihaz\Desktop\hackathon-may-2026-main\hackathon-may-2026-main\Temshiki_keys_2_v1\Решение\resource\18c1e008-f5cb-4e1d-9835-d5d86fd1853b\main.py
2026-05-24T04:01:13+0300 INFO: Завершение выполнения процесса. C:\Users\mihaz\Desktop\hackathon-may-2026-main\hackathon-may-2026-main\Temshiki_keys_2_v1\Решение\process\main.json
2026-05-24T04:22:18+0300 INFO: Запуск процесса из студии разработки. C:\Users\mihaz\Desktop\hackathon-may-2026-main\hackathon-may-2026-main\Temshiki_keys_2_v1\Решение\process\main.json
2026-05-24T04:22:25+0300 INFO: Старт робота: C:\Users\mihaz\Desktop\hackathon-may-2026-main\hackathon-may-2026-main\Temshiki_keys_2_v1\Решение\resource\2d1b4dcb-d458-49bf-83cc-de17c97f1bd8\main.py
2026-05-24T04:23:21+0300 ERROR: C:\Users\mihaz\Desktop\hackathon-may-2026-main\hackathon-may-2026-main\Temshiki_keys_2_v1\Решение\resource\2d1b4dcb-d458-49bf-83cc-de17c97f1bd8\main.py Ошибка документа № : Произошла ошибка в строке: 154
Описание ошибки: Контрагент не найден: Турбаза Яхрома
2026-05-24T04:23:48+0300 ERROR: C:\Users\mihaz\Desktop\hackathon-may-2026-main\hackathon-may-2026-main\Temshiki_keys_2_v1\Решение\resource\2d1b4dcb-d458-49bf-83cc-de17c97f1bd8\main.py Ошибка документа № : Произошла ошибка в строке: 207
Описание ошибки: The element is not visible
2026-05-24T04:23:55+0300 INFO: Завершение выполнения процесса. C:\Users\mihaz\Desktop\hackathon-may-2026-main\hackathon-may-2026-main\Temshiki_keys_2_v1\Решение\process\main.json
2026-05-24T04:27:21+0300 INFO: Запуск процесса из студии разработки. C:\Users\mihaz\Desktop\hackathon-may-2026-main\hackathon-may-2026-main\Temshiki_keys_2_v1\Решение\process\main.json
2026-05-24T04:27:28+0300 INFO: Старт робота: C:\Users\mihaz\Desktop\hackathon-may-2026-main\hackathon-may-2026-main\Temshiki_keys_2_v1\Решение\resource\ff3d82f7-0ea2-484b-a1c3-37f7057d0450\main.py
2026-05-24T04:28:24+0300 ERROR: C:\Users\mihaz\Desktop\hackathon-may-2026-main\hackathon-may-2026-main\Temshiki_keys_2_v1\Решение\resource\ff3d82f7-0ea2-484b-a1c3-37f7057d0450\main.py Ошибка документа № : Произошла ошибка в строке: 151
Описание ошибки: Контрагент не найден: Турбаза Яхрома
2026-05-24T04:28:41+0300 ERROR: C:\Users\mihaz\Desktop\hackathon-may-2026-main\hackathon-may-2026-main\Temshiki_keys_2_v1\Решение\resource\ff3d82f7-0ea2-484b-a1c3-37f7057d0450\main.py Ошибка документа № : Произошла ошибка в строке: 151
Описание ошибки: Контрагент не найден: Этнопарк Перун
2026-05-24T04:28:53+0300 INFO: Завершение выполнения процесса. C:\Users\mihaz\Desktop\hackathon-may-2026-main\hackathon-may-2026-main\Temshiki_keys_2_v1\Решение\process\main.json
2026-05-24T04:29:36+0300 INFO: Запуск процесса из студии разработки. C:\Users\mihaz\Desktop\hackathon-may-2026-main\hackathon-may-2026-main\Temshiki_keys_2_v1\Решение\process\main.json
2026-05-24T04:29:43+0300 INFO: Старт робота: C:\Users\mihaz\Desktop\hackathon-may-2026-main\hackathon-may-2026-main\Temshiki_keys_2_v1\Решение\resource\1e40c79d-7420-4329-8548-65c6aa30ae45\main.py
2026-05-24T04:30:54+0300 ERROR: C:\Users\mihaz\Desktop\hackathon-may-2026-main\hackathon-may-2026-main\Temshiki_keys_2_v1\Решение\resource\1e40c79d-7420-4329-8548-65c6aa30ae45\main.py Ошибка документа № : Произошла ошибка в строке: 213
Описание ошибки: The element is not visible
2026-05-24T04:31:02+0300 INFO: Завершение выполнения процесса. C:\Users\mihaz\Desktop\hackathon-may-2026-main\hackathon-may-2026-main\Temshiki_keys_2_v1\Решение\process\main.json
2026-05-24T04:31:34+0300 INFO: Запуск процесса из студии разработки. C:\Users\mihaz\Desktop\hackathon-may-2026-main\hackathon-may-2026-main\Temshiki_keys_2_v1\Решение\process\main.json
2026-05-24T04:31:41+0300 INFO: Старт робота: C:\Users\mihaz\Desktop\hackathon-may-2026-main\hackathon-may-2026-main\Temshiki_keys_2_v1\Решение\resource\055bd49e-c555-45d7-87a0-75e88a8763c9\main.py
2026-05-24T04:32:51+0300 ERROR: C:\Users\mihaz\Desktop\hackathon-may-2026-main\hackathon-may-2026-main\Temshiki_keys_2_v1\Решение\resource\055bd49e-c555-45d7-87a0-75e88a8763c9\main.py Ошибка документа № : Произошла ошибка в строке: 213
Описание ошибки: The element is not visible
2026-05-24T04:33:04+0300 INFO: Завершение выполнения процесса. C:\Users\mihaz\Desktop\hackathon-may-2026-main\hackathon-may-2026-main\Temshiki_keys_2_v1\Решение\process\main.json
2026-05-24T04:44:49+0300 INFO: Запуск процесса из студии разработки. C:\Users\mihaz\Desktop\hackathon-may-2026-main\hackathon-may-2026-main\Temshiki_keys_2_v1\Решение\process\main.json
2026-05-24T04:44:55+0300 INFO: Старт робота: C:\Users\mihaz\Desktop\hackathon-may-2026-main\hackathon-may-2026-main\Temshiki_keys_2_v1\Решение\resource\c872278f-1ff1-4dbf-a549-ae351813f846\main.py
2026-05-24T04:46:06+0300 ERROR: C:\Users\mihaz\Desktop\hackathon-may-2026-main\hackathon-may-2026-main\Temshiki_keys_2_v1\Решение\resource\c872278f-1ff1-4dbf-a549-ae351813f846\main.py Ошибка документа № : Произошла ошибка в строке: 213
Описание ошибки: The element is not visible
2026-05-24T04:46:38+0300 ERROR: C:\Users\mihaz\Desktop\hackathon-may-2026-main\hackathon-may-2026-main\Temshiki_keys_2_v1\Решение\resource\c872278f-1ff1-4dbf-a549-ae351813f846\main.py Ошибка документа № : Произошла ошибка в строке: 213
Описание ошибки: The element is not visible
2026-05-24T04:46:40+0300 INFO: Завершение выполнения процесса. C:\Users\mihaz\Desktop\hackathon-may-2026-main\hackathon-may-2026-main\Temshiki_keys_2_v1\Решение\process\main.json
2026-05-24T04:53:55+0300 INFO: Запуск процесса из студии разработки. C:\Users\mihaz\Desktop\hackathon-may-2026-main\hackathon-may-2026-main\Temshiki_keys_2_v1\Решение\process\main.json
2026-05-24T04:53:59+0300 INFO: Завершение выполнения процесса. C:\Users\mihaz\Desktop\hackathon-may-2026-main\hackathon-may-2026-main\Temshiki_keys_2_v1\Решение\process\main.json
2026-05-24T04:54:06+0300 INFO: Запуск процесса из студии разработки. C:\Users\mihaz\Desktop\hackathon-may-2026-main\hackathon-may-2026-main\Temshiki_keys_2_v1\Решение\process\main.json
2026-05-24T04:54:12+0300 INFO: Старт робота: C:\Users\mihaz\Desktop\hackathon-may-2026-main\hackathon-may-2026-main\Temshiki_keys_2_v1\Решение\resource\72fca7c0-c1f2-4234-a485-4343545361c5\main.py
2026-05-24T04:55:23+0300 ERROR: C:\Users\mihaz\Desktop\hackathon-may-2026-main\hackathon-may-2026-main\Temshiki_keys_2_v1\Решение\resource\72fca7c0-c1f2-4234-a485-4343545361c5\main.py Ошибка документа № : Произошла ошибка в строке: 216
Описание ошибки: The element is not visible
2026-05-24T04:55:30+0300 INFO: Завершение выполнения процесса. C:\Users\mihaz\Desktop\hackathon-may-2026-main\hackathon-may-2026-main\Temshiki_keys_2_v1\Решение\process\main.json
2026-05-24T05:19:34+0300 INFO: Запуск процесса из студии разработки. C:\Users\mihaz\Desktop\hackathon-may-2026-main\hackathon-may-2026-main\Temshiki_keys_2_v1\Решение\process\main.json
2026-05-24T05:19:41+0300 INFO: Старт робота: C:\Users\mihaz\Desktop\hackathon-may-2026-main\hackathon-may-2026-main\Temshiki_keys_2_v1\Решение\resource\16155821-1429-42c3-b4b8-bf1a130d3fcf\main.py
2026-05-24T05:19:56+0300 ERROR: C:\Users\mihaz\Desktop\hackathon-may-2026-main\hackathon-may-2026-main\Temshiki_keys_2_v1\Решение\resource\16155821-1429-42c3-b4b8-bf1a130d3fcf\main.py Ошибка: Элемент не найден: XPATH=//input[@id='authWindow_basic_login']
2026-05-24T05:19:56+0300 Окно выполнения: main: ERROR:  ["Элемент не найден: XPATH=//input[@id='authWindow_basic_login']"]
2026-05-24T05:20:02+0300 ERROR: Завершение выполнения процесса. C:\Users\mihaz\Desktop\hackathon-may-2026-main\hackathon-may-2026-main\Temshiki_keys_2_v1\Решение\process\main.json
2026-05-24T05:20:05+0300 INFO: Запуск процесса из студии разработки. C:\Users\mihaz\Desktop\hackathon-may-2026-main\hackathon-may-2026-main\Temshiki_keys_2_v1\Решение\process\main.json
2026-05-24T05:20:11+0300 INFO: Старт робота: C:\Users\mihaz\Desktop\hackathon-may-2026-main\hackathon-may-2026-main\Temshiki_keys_2_v1\Решение\resource\dd505ea9-e515-4efa-8fbe-74ab8e2969bf\main.py
2026-05-24T05:21:22+0300 ERROR: C:\Users\mihaz\Desktop\hackathon-may-2026-main\hackathon-may-2026-main\Temshiki_keys_2_v1\Решение\resource\dd505ea9-e515-4efa-8fbe-74ab8e2969bf\main.py Ошибка документа № : Произошла ошибка в строке: 216
Описание ошибки: The element is not visible
2026-05-24T05:21:28+0300 INFO: Завершение выполнения процесса. C:\Users\mihaz\Desktop\hackathon-may-2026-main\hackathon-may-2026-main\Temshiki_keys_2_v1\Решение\process\main.json
2026-05-24T05:22:54+0300 INFO: Запуск процесса из студии разработки. C:\Users\mihaz\Desktop\hackathon-may-2026-main\hackathon-may-2026-main\Temshiki_keys_2_v1\Решение\process\main.json
2026-05-24T05:23:01+0300 INFO: Старт робота: C:\Users\mihaz\Desktop\hackathon-may-2026-main\hackathon-may-2026-main\Temshiki_keys_2_v1\Решение\resource\7ef05145-387e-475d-9c34-31e217debb66\main.py
2026-05-24T05:24:07+0300 ERROR: C:\Users\mihaz\Desktop\hackathon-may-2026-main\hackathon-may-2026-main\Temshiki_keys_2_v1\Решение\resource\7ef05145-387e-475d-9c34-31e217debb66\main.py Ошибка документа № : Произошла ошибка в строке: 213
Описание ошибки: The element is not visible
2026-05-24T05:24:34+0300 ERROR: C:\Users\mihaz\Desktop\hackathon-may-2026-main\hackathon-may-2026-main\Temshiki_keys_2_v1\Решение\resource\7ef05145-387e-475d-9c34-31e217debb66\main.py Ошибка документа № : Произошла ошибка в строке: 213
Описание ошибки: The element is not visible
2026-05-24T05:24:41+0300 INFO: Завершение выполнения процесса. C:\Users\mihaz\Desktop\hackathon-may-2026-main\hackathon-may-2026-main\Temshiki_keys_2_v1\Решение\process\main.json
2026-05-24T05:26:32+0300 INFO: Запуск процесса из студии разработки. C:\Users\mihaz\Desktop\hackathon-may-2026-main\hackathon-may-2026-main\Temshiki_keys_2_v1\Решение\process\main.json
2026-05-24T05:26:38+0300 INFO: Старт робота: C:\Users\mihaz\Desktop\hackathon-may-2026-main\hackathon-may-2026-main\Temshiki_keys_2_v1\Решение\resource\1d3ba039-b06d-4529-9d9d-bfcd9306b414\main.py
2026-05-24T05:27:45+0300 ERROR: C:\Users\mihaz\Desktop\hackathon-may-2026-main\hackathon-may-2026-main\Temshiki_keys_2_v1\Решение\resource\1d3ba039-b06d-4529-9d9d-bfcd9306b414\main.py Ошибка документа № : Произошла ошибка в строке: 213
Описание ошибки: The element is not visible
2026-05-24T05:27:52+0300 INFO: Завершение выполнения процесса. C:\Users\mihaz\Desktop\hackathon-may-2026-main\hackathon-may-2026-main\Temshiki_keys_2_v1\Решение\process\main.json
2026-05-24T05:28:21+0300 INFO: Запуск процесса из студии разработки. C:\Users\mihaz\Desktop\hackathon-may-2026-main\hackathon-may-2026-main\Temshiki_keys_2_v1\Решение\process\main.json
2026-05-24T05:28:28+0300 INFO: Старт робота: C:\Users\mihaz\Desktop\hackathon-may-2026-main\hackathon-may-2026-main\Temshiki_keys_2_v1\Решение\resource\7ba8fe65-8d2c-4cfb-9344-29a29f0889f7\main.py
2026-05-24T05:29:35+0300 ERROR: C:\Users\mihaz\Desktop\hackathon-may-2026-main\hackathon-may-2026-main\Temshiki_keys_2_v1\Решение\resource\7ba8fe65-8d2c-4cfb-9344-29a29f0889f7\main.py Ошибка документа № : Произошла ошибка в строке: 216
Описание ошибки: The element is not visible
2026-05-24T05:29:44+0300 INFO: Завершение выполнения процесса. C:\Users\mihaz\Desktop\hackathon-may-2026-main\hackathon-may-2026-main\Temshiki_keys_2_v1\Решение\process\main.json
2026-05-24T05:30:44+0300 INFO: Запуск процесса из студии разработки. C:\Users\mihaz\Desktop\hackathon-may-2026-main\hackathon-may-2026-main\Temshiki_keys_2_v1\Решение\process\main.json
2026-05-24T05:30:50+0300 INFO: Старт робота: C:\Users\mihaz\Desktop\hackathon-may-2026-main\hackathon-may-2026-main\Temshiki_keys_2_v1\Решение\resource\8193af73-bf08-4318-aec4-96f0913ad995\main.py
2026-05-24T05:32:01+0300 ERROR: C:\Users\mihaz\Desktop\hackathon-may-2026-main\hackathon-may-2026-main\Temshiki_keys_2_v1\Решение\resource\8193af73-bf08-4318-aec4-96f0913ad995\main.py Ошибка документа № : Произошла ошибка в строке: 216
Описание ошибки: The element is not visible
2026-05-24T05:32:02+0300 INFO: Завершение выполнения процесса. C:\Users\mihaz\Desktop\hackathon-may-2026-main\hackathon-may-2026-main\Temshiki_keys_2_v1\Решение\process\main.json
2026-05-24T05:33:35+0300 INFO: Запуск процесса из студии разработки. C:\Users\mihaz\Desktop\hackathon-may-2026-main\hackathon-may-2026-main\Temshiki_keys_2_v1\Решение\process\main.json
2026-05-24T05:33:42+0300 INFO: Старт робота: C:\Users\mihaz\Desktop\hackathon-may-2026-main\hackathon-may-2026-main\Temshiki_keys_2_v1\Решение\resource\39914862-f579-43b5-b52d-cbe39b07cc3a\main.py
2026-05-24T05:35:00+0300 INFO: Завершение выполнения процесса. C:\Users\mihaz\Desktop\hackathon-may-2026-main\hackathon-may-2026-main\Temshiki_keys_2_v1\Решение\process\main.json
2026-05-24T05:42:23+0300 INFO: Запуск процесса из студии разработки. C:\Users\mihaz\Desktop\hackathon-may-2026-main\hackathon-may-2026-main\Temshiki_keys_2_v1\Решение\process\main.json
2026-05-24T05:42:29+0300 INFO: Старт робота: C:\Users\mihaz\Desktop\hackathon-may-2026-main\hackathon-may-2026-main\Temshiki_keys_2_v1\Решение\resource\1dedf3a9-b368-4f84-95c0-aae59258629d\main.py
2026-05-24T05:43:55+0300 INFO: C:\Users\mihaz\Desktop\hackathon-may-2026-main\hackathon-may-2026-main\Temshiki_keys_2_v1\Решение\resource\1dedf3a9-b368-4f84-95c0-aae59258629d\main.py Создан документ № 
2026-05-24T05:44:36+0300 INFO: C:\Users\mihaz\Desktop\hackathon-may-2026-main\hackathon-may-2026-main\Temshiki_keys_2_v1\Решение\resource\1dedf3a9-b368-4f84-95c0-aae59258629d\main.py Создан документ № 
2026-05-24T05:45:03+0300 ERROR: C:\Users\mihaz\Desktop\hackathon-may-2026-main\hackathon-may-2026-main\Temshiki_keys_2_v1\Решение\resource\1dedf3a9-b368-4f84-95c0-aae59258629d\main.py Ошибка документа № : Произошла ошибка в строке: 180
Описание ошибки: The element is not visible
2026-05-24T05:45:03+0300 INFO: C:\Users\mihaz\Desktop\hackathon-may-2026-main\hackathon-may-2026-main\Temshiki_keys_2_v1\Решение\resource\1dedf3a9-b368-4f84-95c0-aae59258629d\main.py Обработка завершена. Успешно: 2, ошибок: 1
2026-05-24T05:45:08+0300 INFO: Завершение работы робота: C:\Users\mihaz\Desktop\hackathon-may-2026-main\hackathon-may-2026-main\Temshiki_keys_2_v1\Решение\resource\1dedf3a9-b368-4f84-95c0-aae59258629d\main.py
2026-05-24T05:45:08+0300 INFO: Завершение выполнения процесса. C:\Users\mihaz\Desktop\hackathon-may-2026-main\hackathon-may-2026-main\Temshiki_keys_2_v1\Решение\process\main.json
2026-05-24T05:52:43+0300 INFO: Запуск процесса из студии разработки. C:\Users\mihaz\Desktop\hackathon-may-2026-main\hackathon-may-2026-main\Temshiki_keys_2_v1\Решение\process\main.json
2026-05-24T05:52:50+0300 INFO: Старт робота: C:\Users\mihaz\Desktop\hackathon-may-2026-main\hackathon-may-2026-main\Temshiki_keys_2_v1\Решение\resource\a1834850-4ed4-4146-8860-09c75b68d463\main.py
2026-05-24T05:53:47+0300 ERROR: C:\Users\mihaz\Desktop\hackathon-may-2026-main\hackathon-may-2026-main\Temshiki_keys_2_v1\Решение\resource\a1834850-4ed4-4146-8860-09c75b68d463\main.py Ошибка документа № : Произошла ошибка в строке: 163
Описание ошибки: Контрагент не найден: Турбаза Яхрома
2026-05-24T05:53:55+0300 INFO: Завершение выполнения процесса. C:\Users\mihaz\Desktop\hackathon-may-2026-main\hackathon-may-2026-main\Temshiki_keys_2_v1\Решение\process\main.json
2026-05-24T07:20:12+0300 INFO: Запуск процесса из студии разработки. C:\Users\mihaz\Desktop\hackathon-may-2026-main\hackathon-may-2026-main\Temshiki_keys_2_v1\Решение\process\main.json
2026-05-24T07:20:19+0300 INFO: Старт робота: C:\Users\mihaz\Desktop\hackathon-may-2026-main\hackathon-may-2026-main\Temshiki_keys_2_v1\Решение\resource\2132bbd4-58d1-4b62-9e28-319e03b87613\main.py
2026-05-24T07:21:16+0300 ERROR: C:\Users\mihaz\Desktop\hackathon-may-2026-main\hackathon-may-2026-main\Temshiki_keys_2_v1\Решение\resource\2132bbd4-58d1-4b62-9e28-319e03b87613\main.py Ошибка документа № : Произошла ошибка в строке: 163
Описание ошибки: Контрагент не найден: Турбаза Яхрома
2026-05-24T07:21:23+0300 INFO: Завершение выполнения процесса. C:\Users\mihaz\Desktop\hackathon-may-2026-main\hackathon-may-2026-main\Temshiki_keys_2_v1\Решение\process\main.json
2026-05-24T07:22:29+0300 INFO: Запуск процесса из студии разработки. C:\Users\mihaz\Desktop\hackathon-may-2026-main\hackathon-may-2026-main\Temshiki_keys_2_v1\Решение\process\main.json
2026-05-24T07:22:36+0300 INFO: Старт робота: C:\Users\mihaz\Desktop\hackathon-may-2026-main\hackathon-may-2026-main\Temshiki_keys_2_v1\Решение\resource\68655818-57e3-4215-8fee-6740da2d0b62\main.py
2026-05-24T07:22:51+0300 ERROR: C:\Users\mihaz\Desktop\hackathon-may-2026-main\hackathon-may-2026-main\Temshiki_keys_2_v1\Решение\resource\68655818-57e3-4215-8fee-6740da2d0b62\main.py Ошибка: Элемент не найден: XPATH=//input[@id='authWindow_basic_login']
2026-05-24T07:22:51+0300 Окно выполнения: main: ERROR:  ["Элемент не найден: XPATH=//input[@id='authWindow_basic_login']"]
2026-05-24T07:23:08+0300 ERROR: Завершение выполнения процесса. C:\Users\mihaz\Desktop\hackathon-may-2026-main\hackathon-may-2026-main\Temshiki_keys_2_v1\Решение\process\main.json
2026-05-24T07:23:28+0300 INFO: Запуск процесса из студии разработки. C:\Users\mihaz\Desktop\hackathon-may-2026-main\hackathon-may-2026-main\Temshiki_keys_2_v1\Решение\process\main.json
2026-05-24T07:23:34+0300 INFO: Старт робота: C:\Users\mihaz\Desktop\hackathon-may-2026-main\hackathon-may-2026-main\Temshiki_keys_2_v1\Решение\resource\5ae98352-e061-43c2-a9f1-9009dd98c2cd\main.py
2026-05-24T07:24:32+0300 ERROR: C:\Users\mihaz\Desktop\hackathon-may-2026-main\hackathon-may-2026-main\Temshiki_keys_2_v1\Решение\resource\5ae98352-e061-43c2-a9f1-9009dd98c2cd\main.py Ошибка документа № : Произошла ошибка в строке: 163
Описание ошибки: Контрагент не найден: Турбаза Яхрома
2026-05-24T07:24:35+0300 INFO: Завершение выполнения процесса. C:\Users\mihaz\Desktop\hackathon-may-2026-main\hackathon-may-2026-main\Temshiki_keys_2_v1\Решение\process\main.json
2026-05-24T07:25:39+0300 INFO: Запуск процесса из студии разработки. C:\Users\mihaz\Desktop\hackathon-may-2026-main\hackathon-may-2026-main\Temshiki_keys_2_v1\Решение\process\main.json
2026-05-24T07:25:46+0300 INFO: Старт робота: C:\Users\mihaz\Desktop\hackathon-may-2026-main\hackathon-may-2026-main\Temshiki_keys_2_v1\Решение\resource\11735701-a95a-4ff6-bb3f-bf7f7e2eee7f\main.py
2026-05-24T07:27:02+0300 INFO: Завершение выполнения процесса. C:\Users\mihaz\Desktop\hackathon-may-2026-main\hackathon-may-2026-main\Temshiki_keys_2_v1\Решение\process\main.json
2026-05-24T07:27:08+0300 INFO: Запуск процесса из студии разработки. C:\Users\mihaz\Desktop\hackathon-may-2026-main\hackathon-may-2026-main\Temshiki_keys_2_v1\Решение\process\main.json
2026-05-24T07:27:15+0300 INFO: Старт робота: C:\Users\mihaz\Desktop\hackathon-may-2026-main\hackathon-may-2026-main\Temshiki_keys_2_v1\Решение\resource\6dd79b2c-db49-4aff-9a09-db21cec273ee\main.py
2026-05-24T07:28:43+0300 INFO: C:\Users\mihaz\Desktop\hackathon-may-2026-main\hackathon-may-2026-main\Temshiki_keys_2_v1\Решение\resource\6dd79b2c-db49-4aff-9a09-db21cec273ee\main.py Создан документ № 
2026-05-24T07:29:25+0300 INFO: C:\Users\mihaz\Desktop\hackathon-may-2026-main\hackathon-may-2026-main\Temshiki_keys_2_v1\Решение\resource\6dd79b2c-db49-4aff-9a09-db21cec273ee\main.py Создан документ № 
2026-05-24T07:29:51+0300 ERROR: C:\Users\mihaz\Desktop\hackathon-may-2026-main\hackathon-may-2026-main\Temshiki_keys_2_v1\Решение\resource\6dd79b2c-db49-4aff-9a09-db21cec273ee\main.py Ошибка документа № : Произошла ошибка в строке: 180
Описание ошибки: The element is not visible
2026-05-24T07:29:51+0300 INFO: C:\Users\mihaz\Desktop\hackathon-may-2026-main\hackathon-may-2026-main\Temshiki_keys_2_v1\Решение\resource\6dd79b2c-db49-4aff-9a09-db21cec273ee\main.py Обработка завершена. Успешно: 2, ошибок: 1
2026-05-24T07:29:56+0300 INFO: Завершение работы робота: C:\Users\mihaz\Desktop\hackathon-may-2026-main\hackathon-may-2026-main\Temshiki_keys_2_v1\Решение\resource\6dd79b2c-db49-4aff-9a09-db21cec273ee\main.py
2026-05-24T07:29:57+0300 INFO: Завершение выполнения процесса. C:\Users\mihaz\Desktop\hackathon-may-2026-main\hackathon-may-2026-main\Temshiki_keys_2_v1\Решение\process\main.json
2026-05-24T07:57:29+0300 INFO: Запуск процесса из студии разработки. C:\Users\mihaz\Desktop\hackathon-may-2026-main\hackathon-may-2026-main\Temshiki_keys_2_v1\Решение\process\main.json
2026-05-24T07:57:35+0300 INFO: Старт робота: C:\Users\mihaz\Desktop\hackathon-may-2026-main\hackathon-may-2026-main\Temshiki_keys_2_v1\Решение\resource\d16ce600-3bee-4f61-9a58-87c750974013\main.py
2026-05-24T07:58:31+0300 INFO: Завершение выполнения процесса. C:\Users\mihaz\Desktop\hackathon-may-2026-main\hackathon-may-2026-main\Temshiki_keys_2_v1\Решение\process\main.json
2026-05-24T08:34:29+0300 INFO: Запуск процесса из студии разработки. C:\Users\mihaz\Desktop\hackathon-may-2026-main\hackathon-may-2026-main\Temshiki_keys_2_v1\Решение\process\main.json
2026-05-24T08:34:36+0300 INFO: Старт робота: C:\Users\mihaz\Desktop\hackathon-may-2026-main\hackathon-may-2026-main\Temshiki_keys_2_v1\Решение\resource\32ad5f0d-2c00-404e-88b4-4ad97ca59eab\main.py
2026-05-24T08:35:30+0300 INFO: Завершение выполнения процесса. C:\Users\mihaz\Desktop\hackathon-may-2026-main\hackathon-may-2026-main\Temshiki_keys_2_v1\Решение\process\main.json
2026-05-24T09:45:24+0300 INFO: Запуск процесса из студии разработки. C:\Users\mihaz\Desktop\hackathon-may-2026-main\hackathon-may-2026-main\Temshiki_keys_2_v1\Решение\process\main.json
2026-05-24T09:45:32+0300 INFO: Старт робота: C:\Users\mihaz\Desktop\hackathon-may-2026-main\hackathon-may-2026-main\Temshiki_keys_2_v1\Решение\resource\92450144-d6d0-4b6f-a4f9-773ef97a8d52\main.py
2026-05-24T09:46:57+0300 INFO: C:\Users\mihaz\Desktop\hackathon-may-2026-main\hackathon-may-2026-main\Temshiki_keys_2_v1\Решение\resource\92450144-d6d0-4b6f-a4f9-773ef97a8d52\main.py Создан документ № 
2026-05-24T09:47:36+0300 INFO: C:\Users\mihaz\Desktop\hackathon-may-2026-main\hackathon-may-2026-main\Temshiki_keys_2_v1\Решение\resource\92450144-d6d0-4b6f-a4f9-773ef97a8d52\main.py Создан документ № 
2026-05-24T09:47:52+0300 ERROR: C:\Users\mihaz\Desktop\hackathon-may-2026-main\hackathon-may-2026-main\Temshiki_keys_2_v1\Решение\resource\92450144-d6d0-4b6f-a4f9-773ef97a8d52\main.py Ошибка документа № : Произошла ошибка в строке: 149
Описание ошибки: ООО Несуществующая Фирма
2026-05-24T09:47:52+0300 INFO: C:\Users\mihaz\Desktop\hackathon-may-2026-main\hackathon-may-2026-main\Temshiki_keys_2_v1\Решение\resource\92450144-d6d0-4b6f-a4f9-773ef97a8d52\main.py Обработка завершена. Успешно: 2, ошибок: 1
2026-05-24T09:47:52+0300 INFO: Завершение работы робота: C:\Users\mihaz\Desktop\hackathon-may-2026-main\hackathon-may-2026-main\Temshiki_keys_2_v1\Решение\resource\92450144-d6d0-4b6f-a4f9-773ef97a8d52\main.py
2026-05-24T09:47:52+0300 INFO: Завершение выполнения процесса. C:\Users\mihaz\Desktop\hackathon-may-2026-main\hackathon-may-2026-main\Temshiki_keys_2_v1\Решение\process\main.json
2026-05-24T09:49:33+0300 INFO: Запуск процесса из студии разработки. C:\Users\mihaz\Desktop\hackathon-may-2026-main\hackathon-may-2026-main\Temshiki_keys_2_v1\Решение\process\main.json
2026-05-24T09:49:40+0300 INFO: Старт робота: C:\Users\mihaz\Desktop\hackathon-may-2026-main\hackathon-may-2026-main\Temshiki_keys_2_v1\Решение\resource\99801300-7021-4806-9f75-eef3f387ae74\main.py
2026-05-24T09:50:13+0300 ERROR: C:\Users\mihaz\Desktop\hackathon-may-2026-main\hackathon-may-2026-main\Temshiki_keys_2_v1\Решение\resource\99801300-7021-4806-9f75-eef3f387ae74\main.py Ошибка: Failed to start the browser
2026-05-24T09:50:13+0300 Окно выполнения: main: ERROR:  ["Failed to start the browser"]
2026-05-24T09:50:15+0300 ERROR: Завершение выполнения процесса. C:\Users\mihaz\Desktop\hackathon-may-2026-main\hackathon-may-2026-main\Temshiki_keys_2_v1\Решение\process\main.json
2026-05-24T09:50:21+0300 INFO: Запуск процесса из студии разработки. C:\Users\mihaz\Desktop\hackathon-may-2026-main\hackathon-may-2026-main\Temshiki_keys_2_v1\Решение\process\main.json
2026-05-24T09:50:27+0300 INFO: Старт робота: C:\Users\mihaz\Desktop\hackathon-may-2026-main\hackathon-may-2026-main\Temshiki_keys_2_v1\Решение\resource\fdb701cd-4648-4efe-9fec-e3c3421b1993\main.py
2026-05-24T09:51:46+0300 INFO: C:\Users\mihaz\Desktop\hackathon-may-2026-main\hackathon-may-2026-main\Temshiki_keys_2_v1\Решение\resource\fdb701cd-4648-4efe-9fec-e3c3421b1993\main.py Создан документ № 
2026-05-24T09:52:21+0300 INFO: C:\Users\mihaz\Desktop\hackathon-may-2026-main\hackathon-may-2026-main\Temshiki_keys_2_v1\Решение\resource\fdb701cd-4648-4efe-9fec-e3c3421b1993\main.py Создан документ № 
2026-05-24T09:52:32+0300 ERROR: C:\Users\mihaz\Desktop\hackathon-may-2026-main\hackathon-may-2026-main\Temshiki_keys_2_v1\Решение\resource\fdb701cd-4648-4efe-9fec-e3c3421b1993\main.py Ошибка документа № : Произошла ошибка в строке: 149
Описание ошибки: ООО Несуществующая Фирма
2026-05-24T09:52:32+0300 INFO: C:\Users\mihaz\Desktop\hackathon-may-2026-main\hackathon-may-2026-main\Temshiki_keys_2_v1\Решение\resource\fdb701cd-4648-4efe-9fec-e3c3421b1993\main.py Обработка завершена. Успешно: 2, ошибок: 1
2026-05-24T09:52:32+0300 INFO: Завершение работы робота: C:\Users\mihaz\Desktop\hackathon-may-2026-main\hackathon-may-2026-main\Temshiki_keys_2_v1\Решение\resource\fdb701cd-4648-4efe-9fec-e3c3421b1993\main.py
2026-05-24T09:52:33+0300 INFO: Завершение выполнения процесса. C:\Users\mihaz\Desktop\hackathon-may-2026-main\hackathon-may-2026-main\Temshiki_keys_2_v1\Решение\process\main.json
2026-05-24T10:03:21+0300 INFO: Запуск процесса из студии разработки. C:\Users\mihaz\Desktop\hackathon-may-2026-main\hackathon-may-2026-main\Temshiki_keys_2_v1\Решение\process\main.json
2026-05-24T10:03:28+0300 INFO: Старт робота: C:\Users\mihaz\Desktop\hackathon-may-2026-main\hackathon-may-2026-main\Temshiki_keys_2_v1\Решение\resource\cf89e6e0-941f-4d6b-8b3d-2277fc6a9d2f\main.py
2026-05-24T10:04:46+0300 INFO: C:\Users\mihaz\Desktop\hackathon-may-2026-main\hackathon-may-2026-main\Temshiki_keys_2_v1\Решение\resource\cf89e6e0-941f-4d6b-8b3d-2277fc6a9d2f\main.py Создан документ № 
2026-05-24T10:04:56+0300 ERROR: C:\Users\mihaz\Desktop\hackathon-may-2026-main\hackathon-may-2026-main\Temshiki_keys_2_v1\Решение\resource\cf89e6e0-941f-4d6b-8b3d-2277fc6a9d2f\main.py Ошибка документа № : Произошла ошибка в строке: 114
Описание ошибки: Невозможно найти кнопку: 'Продажи'
2026-05-24T10:04:58+0300 INFO: Завершение выполнения процесса. C:\Users\mihaz\Desktop\hackathon-may-2026-main\hackathon-may-2026-main\Temshiki_keys_2_v1\Решение\process\main.json
2026-05-24T10:12:19+0300 INFO: Запуск процесса из студии разработки. C:\Users\mihaz\Desktop\hackathon-may-2026-main\hackathon-may-2026-main\Temshiki_keys_2_v1\Решение\process\main.json
2026-05-24T10:12:26+0300 INFO: Старт робота: C:\Users\mihaz\Desktop\hackathon-may-2026-main\hackathon-may-2026-main\Temshiki_keys_2_v1\Решение\resource\2bb0fd98-807d-44f2-9bf3-2d4d9df4a31f\main.py
2026-05-24T10:13:47+0300 INFO: C:\Users\mihaz\Desktop\hackathon-may-2026-main\hackathon-may-2026-main\Temshiki_keys_2_v1\Решение\resource\2bb0fd98-807d-44f2-9bf3-2d4d9df4a31f\main.py Создан документ № 
2026-05-24T10:13:58+0300 ERROR: C:\Users\mihaz\Desktop\hackathon-may-2026-main\hackathon-may-2026-main\Temshiki_keys_2_v1\Решение\resource\2bb0fd98-807d-44f2-9bf3-2d4d9df4a31f\main.py Ошибка документа № : Произошла ошибка в строке: 149
Описание ошибки: ООО Несуществующая Фирма
2026-05-24T10:14:37+0300 INFO: Завершение выполнения процесса. C:\Users\mihaz\Desktop\hackathon-may-2026-main\hackathon-may-2026-main\Temshiki_keys_2_v1\Решение\process\main.json
2026-05-24T10:20:02+0300 INFO: Запуск процесса из студии разработки. C:\Users\mihaz\Desktop\hackathon-may-2026-main\hackathon-may-2026-main\Temshiki_keys_2_v1\Решение\process\main.json
2026-05-24T10:20:08+0300 INFO: Старт робота: C:\Users\mihaz\Desktop\hackathon-may-2026-main\hackathon-may-2026-main\Temshiki_keys_2_v1\Решение\resource\6115a991-5d2a-417f-94f2-89e678b60156\main.py
2026-05-24T10:21:30+0300 INFO: C:\Users\mihaz\Desktop\hackathon-may-2026-main\hackathon-may-2026-main\Temshiki_keys_2_v1\Решение\resource\6115a991-5d2a-417f-94f2-89e678b60156\main.py Создан документ № 
2026-05-24T10:21:39+0300 INFO: Завершение выполнения процесса. C:\Users\mihaz\Desktop\hackathon-may-2026-main\hackathon-may-2026-main\Temshiki_keys_2_v1\Решение\process\main.json
2026-05-24T10:27:34+0300 INFO: Запуск процесса из студии разработки. C:\Users\mihaz\Desktop\hackathon-may-2026-main\hackathon-may-2026-main\Temshiki_keys_2_v1\Решение\process\main.json
2026-05-24T10:27:41+0300 INFO: Старт робота: C:\Users\mihaz\Desktop\hackathon-may-2026-main\hackathon-may-2026-main\Temshiki_keys_2_v1\Решение\resource\9f58dfc6-7ccc-4604-bba0-6d09956841c6\main.py
2026-05-24T10:28:55+0300 ERROR: C:\Users\mihaz\Desktop\hackathon-may-2026-main\hackathon-may-2026-main\Temshiki_keys_2_v1\Решение\resource\9f58dfc6-7ccc-4604-bba0-6d09956841c6\main.py Ошибка документа № : Произошла ошибка в строке: 256
Описание ошибки: Товар не найден: Пирог тирольский с черникой
2026-05-24T10:29:00+0300 INFO: Завершение выполнения процесса. C:\Users\mihaz\Desktop\hackathon-may-2026-main\hackathon-may-2026-main\Temshiki_keys_2_v1\Решение\process\main.json
2026-05-24T10:34:28+0300 INFO: Запуск процесса из студии разработки. C:\Users\mihaz\Desktop\hackathon-may-2026-main\hackathon-may-2026-main\Temshiki_keys_2_v1\Решение\process\main.json
2026-05-24T10:34:35+0300 INFO: Старт робота: C:\Users\mihaz\Desktop\hackathon-may-2026-main\hackathon-may-2026-main\Temshiki_keys_2_v1\Решение\resource\7a91f236-a4c9-4ffb-8d45-6192b9c00c72\main.py
2026-05-24T10:35:49+0300 ERROR: C:\Users\mihaz\Desktop\hackathon-may-2026-main\hackathon-may-2026-main\Temshiki_keys_2_v1\Решение\resource\7a91f236-a4c9-4ffb-8d45-6192b9c00c72\main.py Ошибка документа № : Произошла ошибка в строке: 256
Описание ошибки: Товар не найден: Пирог тирольский с черникой
2026-05-24T10:35:54+0300 INFO: Завершение выполнения процесса. C:\Users\mihaz\Desktop\hackathon-may-2026-main\hackathon-may-2026-main\Temshiki_keys_2_v1\Решение\process\main.json
2026-05-24T10:42:23+0300 INFO: Запуск процесса из студии разработки. C:\Users\mihaz\Desktop\hackathon-may-2026-main\hackathon-may-2026-main\Temshiki_keys_2_v1\Решение\process\main.json
2026-05-24T10:42:32+0300 INFO: Старт робота: C:\Users\mihaz\Desktop\hackathon-may-2026-main\hackathon-may-2026-main\Temshiki_keys_2_v1\Решение\resource\a97a0973-479b-429c-b173-1177649047c2\main.py
2026-05-24T10:43:59+0300 INFO: C:\Users\mihaz\Desktop\hackathon-may-2026-main\hackathon-may-2026-main\Temshiki_keys_2_v1\Решение\resource\a97a0973-479b-429c-b173-1177649047c2\main.py Создан документ № 
2026-05-24T10:44:11+0300 ERROR: C:\Users\mihaz\Desktop\hackathon-may-2026-main\hackathon-may-2026-main\Temshiki_keys_2_v1\Решение\resource\a97a0973-479b-429c-b173-1177649047c2\main.py Ошибка документа № : Произошла ошибка в строке: 149
Описание ошибки: ООО Несуществующая Фирма
2026-05-24T10:44:48+0300 ERROR: C:\Users\mihaz\Desktop\hackathon-may-2026-main\hackathon-may-2026-main\Temshiki_keys_2_v1\Решение\resource\a97a0973-479b-429c-b173-1177649047c2\main.py Ошибка документа № : Произошла ошибка в строке: 256
Описание ошибки: Товар не найден: Несуществующий Товар XYZ
2026-05-24T10:44:48+0300 INFO: C:\Users\mihaz\Desktop\hackathon-may-2026-main\hackathon-may-2026-main\Temshiki_keys_2_v1\Решение\resource\a97a0973-479b-429c-b173-1177649047c2\main.py Обработка завершена. Успешно: 1, ошибок: 2
2026-05-24T10:44:48+0300 INFO: Завершение работы робота: C:\Users\mihaz\Desktop\hackathon-may-2026-main\hackathon-may-2026-main\Temshiki_keys_2_v1\Решение\resource\a97a0973-479b-429c-b173-1177649047c2\main.py
2026-05-24T10:44:48+0300 INFO: Завершение выполнения процесса. C:\Users\mihaz\Desktop\hackathon-may-2026-main\hackathon-may-2026-main\Temshiki_keys_2_v1\Решение\process\main.json
2026-05-24T10:52:12+0300 INFO: Запуск процесса из студии разработки. C:\Users\mihaz\Desktop\hackathon-may-2026-main\hackathon-may-2026-main\Temshiki_keys_2_v1\Решение\process\main.json
2026-05-24T10:52:19+0300 INFO: Старт робота: C:\Users\mihaz\Desktop\hackathon-may-2026-main\hackathon-may-2026-main\Temshiki_keys_2_v1\Решение\resource\ef201872-1e55-4e65-a7b2-46b8a3775091\main.py
2026-05-24T10:52:26+0300 ERROR: C:\Users\mihaz\Desktop\hackathon-may-2026-main\hackathon-may-2026-main\Temshiki_keys_2_v1\Решение\resource\ef201872-1e55-4e65-a7b2-46b8a3775091\main.py Ошибка: [WinError 1225] Удаленный компьютер отклонил это сетевое подключение
2026-05-24T10:52:27+0300 Окно выполнения: main: ERROR:  ["[WinError 1225] Удаленный компьютер отклонил это сетевое подключение"]
2026-05-24T10:52:33+0300 ERROR: Завершение выполнения процесса. C:\Users\mihaz\Desktop\hackathon-may-2026-main\hackathon-may-2026-main\Temshiki_keys_2_v1\Решение\process\main.json
2026-05-24T10:52:35+0300 INFO: Запуск процесса из студии разработки. C:\Users\mihaz\Desktop\hackathon-may-2026-main\hackathon-may-2026-main\Temshiki_keys_2_v1\Решение\process\main.json
2026-05-24T10:52:41+0300 INFO: Старт робота: C:\Users\mihaz\Desktop\hackathon-may-2026-main\hackathon-may-2026-main\Temshiki_keys_2_v1\Решение\resource\22fb6aec-66be-4e4b-a0a0-d6ed1c6732d0\main.py
2026-05-24T10:54:07+0300 INFO: C:\Users\mihaz\Desktop\hackathon-may-2026-main\hackathon-may-2026-main\Temshiki_keys_2_v1\Решение\resource\22fb6aec-66be-4e4b-a0a0-d6ed1c6732d0\main.py Создан документ № 
2026-05-24T10:54:31+0300 ERROR: C:\Users\mihaz\Desktop\hackathon-may-2026-main\hackathon-may-2026-main\Temshiki_keys_2_v1\Решение\resource\22fb6aec-66be-4e4b-a0a0-d6ed1c6732d0\main.py Ошибка: Элемент не найден: XPATH=//a[contains(.,"Нет")]
2026-05-24T10:54:31+0300 Окно выполнения: main: ERROR:  ["Элемент не найден: XPATH=//a[contains(.,\"Нет\")]"]
2026-05-24T10:54:42+0300 ERROR: Завершение выполнения процесса. C:\Users\mihaz\Desktop\hackathon-may-2026-main\hackathon-may-2026-main\Temshiki_keys_2_v1\Решение\process\main.json
2026-05-24T11:01:05+0300 INFO: Запуск процесса из студии разработки. C:\Users\mihaz\Desktop\hackathon-may-2026-main\hackathon-may-2026-main\Temshiki_keys_2_v1\Решение\process\main.json
2026-05-24T11:01:11+0300 INFO: Старт робота: C:\Users\mihaz\Desktop\hackathon-may-2026-main\hackathon-may-2026-main\Temshiki_keys_2_v1\Решение\resource\6e5acc4b-2c92-4f54-87bb-7251352a0a94\main.py
2026-05-24T11:02:39+0300 INFO: C:\Users\mihaz\Desktop\hackathon-may-2026-main\hackathon-may-2026-main\Temshiki_keys_2_v1\Решение\resource\6e5acc4b-2c92-4f54-87bb-7251352a0a94\main.py Создан документ № 
2026-05-24T11:03:03+0300 ERROR: C:\Users\mihaz\Desktop\hackathon-may-2026-main\hackathon-may-2026-main\Temshiki_keys_2_v1\Решение\resource\6e5acc4b-2c92-4f54-87bb-7251352a0a94\main.py Ошибка документа № : Произошла ошибка в строке: 127
Описание ошибки: Элемент не найден: XPATH=//a[contains(.,"Нет")]
2026-05-24T11:03:51+0300 ERROR: C:\Users\mihaz\Desktop\hackathon-may-2026-main\hackathon-may-2026-main\Temshiki_keys_2_v1\Решение\resource\6e5acc4b-2c92-4f54-87bb-7251352a0a94\main.py Ошибка документа № : Произошла ошибка в строке: 127
Описание ошибки: Элемент не найден: XPATH=//a[contains(.,"Нет")]
2026-05-24T11:03:51+0300 INFO: C:\Users\mihaz\Desktop\hackathon-may-2026-main\hackathon-may-2026-main\Temshiki_keys_2_v1\Решение\resource\6e5acc4b-2c92-4f54-87bb-7251352a0a94\main.py Обработка завершена. Успешно: 1, ошибок: 2
2026-05-24T11:03:53+0300 INFO: Завершение работы робота: C:\Users\mihaz\Desktop\hackathon-may-2026-main\hackathon-may-2026-main\Temshiki_keys_2_v1\Решение\resource\6e5acc4b-2c92-4f54-87bb-7251352a0a94\main.py
2026-05-24T11:03:54+0300 INFO: Завершение выполнения процесса. C:\Users\mihaz\Desktop\hackathon-may-2026-main\hackathon-may-2026-main\Temshiki_keys_2_v1\Решение\process\main.json
2026-05-24T11:10:53+0300 INFO: Запуск процесса из студии разработки. C:\Users\mihaz\Desktop\hackathon-may-2026-main\hackathon-may-2026-main\Temshiki_keys_2_v1\Решение\process\main.json
2026-05-24T11:11:00+0300 INFO: Старт робота: C:\Users\mihaz\Desktop\hackathon-may-2026-main\hackathon-may-2026-main\Temshiki_keys_2_v1\Решение\resource\5cc38c79-2620-499a-a567-eb127d7c2742\main.py
2026-05-24T11:12:26+0300 INFO: C:\Users\mihaz\Desktop\hackathon-may-2026-main\hackathon-may-2026-main\Temshiki_keys_2_v1\Решение\resource\5cc38c79-2620-499a-a567-eb127d7c2742\main.py Создан документ № 
2026-05-24T11:13:04+0300 ERROR: C:\Users\mihaz\Desktop\hackathon-may-2026-main\hackathon-may-2026-main\Temshiki_keys_2_v1\Решение\resource\5cc38c79-2620-499a-a567-eb127d7c2742\main.py Ошибка: Элемент не найден: XPATH=//a[contains(.,"Нет")]
2026-05-24T11:13:04+0300 Окно выполнения: main: ERROR:  ["Элемент не найден: XPATH=//a[contains(.,\"Нет\")]"]
2026-05-24T11:13:09+0300 ERROR: Завершение выполнения процесса. C:\Users\mihaz\Desktop\hackathon-may-2026-main\hackathon-may-2026-main\Temshiki_keys_2_v1\Решение\process\main.json
2026-05-24T11:17:05+0300 INFO: Запуск процесса из студии разработки. C:\Users\mihaz\Desktop\hackathon-may-2026-main\hackathon-may-2026-main\Temshiki_keys_2_v1\Решение\process\main.json
2026-05-24T11:17:11+0300 INFO: Старт робота: C:\Users\mihaz\Desktop\hackathon-may-2026-main\hackathon-may-2026-main\Temshiki_keys_2_v1\Решение\resource\7ed4b92e-a6eb-4945-a447-fbaa358a4725\main.py
2026-05-24T11:18:41+0300 INFO: C:\Users\mihaz\Desktop\hackathon-may-2026-main\hackathon-may-2026-main\Temshiki_keys_2_v1\Решение\resource\7ed4b92e-a6eb-4945-a447-fbaa358a4725\main.py Создан документ № 
2026-05-24T11:19:08+0300 ERROR: C:\Users\mihaz\Desktop\hackathon-may-2026-main\hackathon-may-2026-main\Temshiki_keys_2_v1\Решение\resource\7ed4b92e-a6eb-4945-a447-fbaa358a4725\main.py Ошибка документа № : Произошла ошибка в строке: 127
Описание ошибки: Элемент не найден: XPATH=//a[contains(.,"Нет")]
2026-05-24T11:19:58+0300 ERROR: C:\Users\mihaz\Desktop\hackathon-may-2026-main\hackathon-may-2026-main\Temshiki_keys_2_v1\Решение\resource\7ed4b92e-a6eb-4945-a447-fbaa358a4725\main.py Ошибка документа № : Произошла ошибка в строке: 127
Описание ошибки: Элемент не найден: XPATH=//a[contains(.,"Нет")]
2026-05-24T11:19:58+0300 INFO: C:\Users\mihaz\Desktop\hackathon-may-2026-main\hackathon-may-2026-main\Temshiki_keys_2_v1\Решение\resource\7ed4b92e-a6eb-4945-a447-fbaa358a4725\main.py Обработка завершена. Успешно: 1, ошибок: 2
2026-05-24T11:20:00+0300 INFO: Завершение работы робота: C:\Users\mihaz\Desktop\hackathon-may-2026-main\hackathon-may-2026-main\Temshiki_keys_2_v1\Решение\resource\7ed4b92e-a6eb-4945-a447-fbaa358a4725\main.py
2026-05-24T11:20:00+0300 INFO: Завершение выполнения процесса. C:\Users\mihaz\Desktop\hackathon-may-2026-main\hackathon-may-2026-main\Temshiki_keys_2_v1\Решение\process\main.json
2026-05-24T11:25:23+0300 INFO: Запуск процесса из студии разработки. C:\Users\mihaz\Desktop\hackathon-may-2026-main\hackathon-may-2026-main\Temshiki_keys_2_v1\Решение\process\main.json
2026-05-24T11:25:27+0300 INFO: Завершение выполнения процесса. C:\Users\mihaz\Desktop\hackathon-may-2026-main\hackathon-may-2026-main\Temshiki_keys_2_v1\Решение\process\main.json
2026-05-24T11:25:49+0300 INFO: Запуск процесса из студии разработки. C:\Users\mihaz\Desktop\hackathon-may-2026-main\hackathon-may-2026-main\Temshiki_keys_2_v1\Решение\process\main.json
2026-05-24T11:25:55+0300 INFO: Старт робота: C:\Users\mihaz\Desktop\hackathon-may-2026-main\hackathon-may-2026-main\Temshiki_keys_2_v1\Решение\resource\b81f7c18-e1fb-4a00-ae48-317a7b4e61e6\main.py
2026-05-24T11:27:17+0300 INFO: C:\Users\mihaz\Desktop\hackathon-may-2026-main\hackathon-may-2026-main\Temshiki_keys_2_v1\Решение\resource\b81f7c18-e1fb-4a00-ae48-317a7b4e61e6\main.py Создан документ № 
2026-05-24T11:28:50+0300 INFO: Завершение выполнения процесса. C:\Users\mihaz\Desktop\hackathon-may-2026-main\hackathon-may-2026-main\Temshiki_keys_2_v1\Решение\process\main.json
2026-05-24T11:34:13+0300 INFO: Запуск процесса из студии разработки. C:\Users\mihaz\Desktop\hackathon-may-2026-main\hackathon-may-2026-main\Temshiki_keys_2_v1\Решение\process\main.json
2026-05-24T11:34:19+0300 INFO: Старт робота: C:\Users\mihaz\Desktop\hackathon-may-2026-main\hackathon-may-2026-main\Temshiki_keys_2_v1\Решение\resource\4d012bd0-9118-4460-8264-5331aff50922\main.py
2026-05-24T11:35:44+0300 INFO: C:\Users\mihaz\Desktop\hackathon-may-2026-main\hackathon-may-2026-main\Temshiki_keys_2_v1\Решение\resource\4d012bd0-9118-4460-8264-5331aff50922\main.py Создан документ № 
2026-05-24T11:36:10+0300 ERROR: C:\Users\mihaz\Desktop\hackathon-may-2026-main\hackathon-may-2026-main\Temshiki_keys_2_v1\Решение\resource\4d012bd0-9118-4460-8264-5331aff50922\main.py Ошибка документа № : Произошла ошибка в строке: 127
Описание ошибки: Элемент не найден: XPATH=//a[contains(.,"Нет")]
2026-05-24T11:36:51+0300 ERROR: C:\Users\mihaz\Desktop\hackathon-may-2026-main\hackathon-may-2026-main\Temshiki_keys_2_v1\Решение\resource\4d012bd0-9118-4460-8264-5331aff50922\main.py Ошибка документа № : Произошла ошибка в строке: 256
Описание ошибки: Товар не найден: Несуществующий Товар XYZ
2026-05-24T11:36:51+0300 INFO: C:\Users\mihaz\Desktop\hackathon-may-2026-main\hackathon-may-2026-main\Temshiki_keys_2_v1\Решение\resource\4d012bd0-9118-4460-8264-5331aff50922\main.py Обработка завершена. Успешно: 1, ошибок: 2
2026-05-24T11:36:51+0300 ERROR: C:\Users\mihaz\Desktop\hackathon-may-2026-main\hackathon-may-2026-main\Temshiki_keys_2_v1\Решение\resource\4d012bd0-9118-4460-8264-5331aff50922\main.py Ошибка: name 'web_actions' is not defined
2026-05-24T11:36:51+0300 Окно выполнения: main: ERROR:  ["name 'web_actions' is not defined"]
2026-05-24T11:36:55+0300 ERROR: Завершение выполнения процесса. C:\Users\mihaz\Desktop\hackathon-may-2026-main\hackathon-may-2026-main\Temshiki_keys_2_v1\Решение\process\main.json
2026-05-24T11:45:25+0300 INFO: Запуск процесса из студии разработки. C:\Users\mihaz\Desktop\hackathon-may-2026-main\hackathon-may-2026-main\Temshiki_keys_2_v1\Решение\process\main.json
2026-05-24T11:45:37+0300 INFO: Старт робота: C:\Users\mihaz\Desktop\hackathon-may-2026-main\hackathon-may-2026-main\Temshiki_keys_2_v1\Решение\resource\601c0da5-0733-4531-8c0d-58b0563af827\main.py
2026-05-24T11:47:05+0300 INFO: C:\Users\mihaz\Desktop\hackathon-may-2026-main\hackathon-may-2026-main\Temshiki_keys_2_v1\Решение\resource\601c0da5-0733-4531-8c0d-58b0563af827\main.py Создан документ № 
2026-05-24T11:47:32+0300 ERROR: C:\Users\mihaz\Desktop\hackathon-may-2026-main\hackathon-may-2026-main\Temshiki_keys_2_v1\Решение\resource\601c0da5-0733-4531-8c0d-58b0563af827\main.py Ошибка документа № : Произошла ошибка в строке: 127
Описание ошибки: Элемент не найден: XPATH=//a[contains(.,"Нет")]
2026-05-24T11:48:14+0300 ERROR: C:\Users\mihaz\Desktop\hackathon-may-2026-main\hackathon-may-2026-main\Temshiki_keys_2_v1\Решение\resource\601c0da5-0733-4531-8c0d-58b0563af827\main.py Ошибка документа № : Произошла ошибка в строке: 256
Описание ошибки: Товар не найден: Несуществующий Товар XYZ
2026-05-24T11:48:14+0300 INFO: C:\Users\mihaz\Desktop\hackathon-may-2026-main\hackathon-may-2026-main\Temshiki_keys_2_v1\Решение\resource\601c0da5-0733-4531-8c0d-58b0563af827\main.py Обработка завершена. Успешно: 1, ошибок: 2
2026-05-24T11:48:16+0300 INFO: Завершение работы робота: C:\Users\mihaz\Desktop\hackathon-may-2026-main\hackathon-may-2026-main\Temshiki_keys_2_v1\Решение\resource\601c0da5-0733-4531-8c0d-58b0563af827\main.py
2026-05-24T11:48:16+0300 INFO: Завершение выполнения процесса. C:\Users\mihaz\Desktop\hackathon-may-2026-main\hackathon-may-2026-main\Temshiki_keys_2_v1\Решение\process\main.json
2026-05-24T13:44:25+0300 INFO: Запуск процесса из студии разработки. C:\Users\mihaz\Desktop\hackathon-may-2026-main\hackathon-may-2026-main\Temshiki_keys_2_v1\Решение\process\main.json
2026-05-24T13:44:49+0300 INFO: Старт робота: C:\Users\mihaz\Desktop\hackathon-may-2026-main\hackathon-may-2026-main\Temshiki_keys_2_v1\Решение\resource\15cfa148-304e-4851-afb0-786c0f89a462\main.py
2026-05-24T13:45:42+0300 INFO: Завершение выполнения процесса. C:\Users\mihaz\Desktop\hackathon-may-2026-main\hackathon-may-2026-main\Temshiki_keys_2_v1\Решение\process\main.json
2026-05-24T13:45:46+0300 INFO: Запуск процесса из студии разработки. C:\Users\mihaz\Desktop\hackathon-may-2026-main\hackathon-may-2026-main\Temshiki_keys_2_v1\Решение\process\main.json
2026-05-24T13:45:52+0300 INFO: Старт робота: C:\Users\mihaz\Desktop\hackathon-may-2026-main\hackathon-may-2026-main\Temshiki_keys_2_v1\Решение\resource\83f0dcf0-85a4-4ce7-8502-b77866114d60\main.py
2026-05-24T13:47:06+0300 ERROR: C:\Users\mihaz\Desktop\hackathon-may-2026-main\hackathon-may-2026-main\Temshiki_keys_2_v1\Решение\resource\83f0dcf0-85a4-4ce7-8502-b77866114d60\main.py Ошибка: Failed to get browser ws address: Cannot connect to host localhost:9299 ssl:default [Удаленный компьютер отклонил это сетевое подключение]
2026-05-24T13:47:06+0300 Окно выполнения: main: ERROR:  ["Failed to get browser ws address: Cannot connect to host localhost:9299 ssl:default [Удаленный компьютер отклонил это сетевое подключение]"]
2026-05-24T13:47:09+0300 ERROR: Завершение выполнения процесса. C:\Users\mihaz\Desktop\hackathon-may-2026-main\hackathon-may-2026-main\Temshiki_keys_2_v1\Решение\process\main.json
2026-05-24T13:47:11+0300 INFO: Запуск процесса из студии разработки. C:\Users\mihaz\Desktop\hackathon-may-2026-main\hackathon-may-2026-main\Temshiki_keys_2_v1\Решение\process\main.json
2026-05-24T13:47:30+0300 INFO: Старт робота: C:\Users\mihaz\Desktop\hackathon-may-2026-main\hackathon-may-2026-main\Temshiki_keys_2_v1\Решение\resource\7c267507-d6be-4ef2-b895-e384f3ca92f7\main.py
2026-05-24T13:49:01+0300 INFO: C:\Users\mihaz\Desktop\hackathon-may-2026-main\hackathon-may-2026-main\Temshiki_keys_2_v1\Решение\resource\7c267507-d6be-4ef2-b895-e384f3ca92f7\main.py Создан документ № 
2026-05-24T13:49:28+0300 ERROR: C:\Users\mihaz\Desktop\hackathon-may-2026-main\hackathon-may-2026-main\Temshiki_keys_2_v1\Решение\resource\7c267507-d6be-4ef2-b895-e384f3ca92f7\main.py Ошибка документа № : Произошла ошибка в строке: 127
Описание ошибки: Элемент не найден: XPATH=//a[contains(.,"Нет")]
2026-05-24T13:50:09+0300 ERROR: C:\Users\mihaz\Desktop\hackathon-may-2026-main\hackathon-may-2026-main\Temshiki_keys_2_v1\Решение\resource\7c267507-d6be-4ef2-b895-e384f3ca92f7\main.py Ошибка документа № : Произошла ошибка в строке: 259
Описание ошибки: Товар не найден: Несуществующий Товар XYZ
2026-05-24T13:50:09+0300 INFO: C:\Users\mihaz\Desktop\hackathon-may-2026-main\hackathon-may-2026-main\Temshiki_keys_2_v1\Решение\resource\7c267507-d6be-4ef2-b895-e384f3ca92f7\main.py Обработка завершена. Успешно: 1, ошибок: 2
2026-05-24T13:50:11+0300 INFO: Завершение работы робота: C:\Users\mihaz\Desktop\hackathon-may-2026-main\hackathon-may-2026-main\Temshiki_keys_2_v1\Решение\resource\7c267507-d6be-4ef2-b895-e384f3ca92f7\main.py
2026-05-24T13:50:12+0300 INFO: Завершение выполнения процесса. C:\Users\mihaz\Desktop\hackathon-may-2026-main\hackathon-may-2026-main\Temshiki_keys_2_v1\Решение\process\main.json
